2026-08-20T18:14:12.746196654Z {"timestamp": 1787249652.7449148, "severity": "INFO", "name": "emailservice-server", "message": "A request to send order confirmation email to uperkins@example.org has been received."}
2026-08-20T18:14:21.858633027Z {"timestamp": 1787249661.857298, "severity": "INFO", "name": "emailservice-server", "message": "A request to send order confirmation email to austingerald@example.org has been received."}
2026-08-20T18:14:22.155144767Z {"timestamp": 1787249662.1545758, "severity": "INFO", "name": "emailservice-server", "message": "A request to send order confirmation email to cunninghamjonathan@example.org has been received."}
2026-08-20T18:14:32.331798312Z {"timestamp": 1787249672.3314106, "severity": "INFO", "name": "emailservice-server", "message": "A request to send order confirmation email to steinamy@example.net has been received."}
2026-08-20T18:15:01.671301653Z {"timestamp": 1787249701.6707969, "severity": "INFO", "name": "emailservice-server", "message": "A request to send order confirmation email to zbeck@example.net has been received."}
2026-08-20T18:15:07.574443156Z {"timestamp": 1787249707.57411, "severity": "INFO", "name": "emailservice-server", "message": "A request to send order confirmation email to jmills@example.net has been received."}
2026-08-20T18:15:08.745079277Z {"timestamp": 1787249708.7447317, "severity": "INFO", "name": "emailservice-server", "message": "A request to send order confirmation email to hayesjoshua@example.com has been received."}
2026-08-20T18:15:14.727732337Z {"timestamp": 1787249714.7271967, "severity": "INFO", "name": "emailservice-server", "message": "A request to send order confirmation email to caintiffany@example.net has been received."}
2026-08-20T18:15:15.442762169Z {"timestamp": 1787249715.4417503, "severity": "INFO", "name": "emailservice-server", "message": "A request to send order confirmation email to vharris@example.net has been received."}
2026-08-20T18:15:18.548132940Z {"timestamp": 1787249718.547653, "severity": "INFO", "name": "emailservice-server", "message": "A request to send order confirmation email to williamwillis@example.net has been received."}
2026-08-20T18:15:21.483917748Z {"timestamp": 1787249721.4831884, "severity": "INFO", "name": "emailservice-server", "message": "A request to send order confirmation email to micheal29@example.com has been received."}
2026-08-20T18:15:35.456385479Z {"timestamp": 1787249735.4548652, "severity": "INFO", "name": "emailservice-server", "message": "A request to send order confirmation email to preed@example.org has been received."}
2026-08-20T18:16:21.847329176Z {"timestamp": 1787249781.8467178, "severity": "INFO", "name": "emailservice-server", "message": "A request to send order confirmation email to zschultz@example.net has been received."}
2026-08-20T18:16:24.693629387Z {"timestamp": 1787249784.6932874, "severity": "INFO", "name": "emailservice-server", "message": "A request to send order confirmation email to patelchelsea@example.org has been received."}
2026-08-20T18:16:25.336981080Z {"timestamp": 1787249785.336562, "severity": "INFO", "name": "emailservice-server", "message": "A request to send order confirmation email to jeffrey80@example.net has been received."}
2026-08-20T18:16:25.932943755Z {"timestamp": 1787249785.9327204, "severity": "INFO", "name": "emailservice-server", "message": "A request to send order confirmation email to rachel29@example.org has been received."}
2026-08-20T18:16:28.377930820Z {"timestamp": 1787249788.3772283, "severity": "INFO", "name": "emailservice-server", "message": "A request to send order confirmation email to oturner@example.net has been received."}
2026-08-20T18:16:30.550639554Z {"timestamp": 1787249790.5502877, "severity": "INFO", "name": "emailservice-server", "message": "A request to send order confirmation email to charlesriley@example.net has been received."}
2026-08-20T18:16:35.422848577Z {"timestamp": 1787249795.421916, "severity": "INFO", "name": "emailservice-server", "message": "A request to send order confirmation email to dobrien@example.org has been received."}
2026-08-20T18:16:59.717402814Z {"timestamp": 1787249819.7167277, "severity": "INFO", "name": "emailservice-server", "message": "A request to send order confirmation email to briannunez@example.net has been received."}
2026-08-20T18:17:04.326141681Z {"timestamp": 1787249824.3256893, "severity": "INFO", "name": "emailservice-server", "message": "A request to send order confirmation email to mary20@example.com has been received."}
2026-08-20T18:17:07.746293500Z {"timestamp": 1787249827.7447202, "severity": "INFO", "name": "emailservice-server", "message": "A request to send order confirmation email to ronaldbauer@example.net has been received."}
2026-08-20T18:17:11.145878812Z {"timestamp": 1787249831.1452997, "severity": "INFO", "name": "emailservice-server", "message": "A request to send order confirmation email to kaylee78@example.com has been received."}
2026-08-20T18:17:16.434015673Z {"timestamp": 1787249836.4335256, "severity": "INFO", "name": "emailservice-server", "message": "A request to send order confirmation email to jeremy19@example.net has been received."}
2026-08-20T18:17:16.637668958Z {"timestamp": 1787249836.6373682, "severity": "INFO", "name": "emailservice-server", "message": "A request to send order confirmation email to james65@example.net has been received."}
2026-08-20T18:17:21.743941192Z {"timestamp": 1787249841.7433252, "severity": "INFO", "name": "emailservice-server", "message": "A request to send order confirmation email to juliegordon@example.com has been received."}
2026-08-20T18:17:40.124600395Z {"timestamp": 1787249860.1240218, "severity": "INFO", "name": "emailservice-server", "message": "A request to send order confirmation email to troy22@example.net has been received."}
2026-08-20T18:18:00.896664953Z {"timestamp": 1787249880.896114, "severity": "INFO", "name": "emailservice-server", "message": "A request to send order confirmation email to nwilliams@example.org has been received."}
2026-08-20T18:18:03.617127226Z {"timestamp": 1787249883.6166928, "severity": "INFO", "name": "emailservice-server", "message": "A request to send order confirmation email to cameron95@example.com has been received."}
2026-08-20T18:18:10.921633518Z {"timestamp": 1787249890.9213421, "severity": "INFO", "name": "emailservice-server", "message": "A request to send order confirmation email to powellmichelle@example.com has been received."}
2026-08-20T18:18:12.792452208Z {"timestamp": 1787249892.7920148, "severity": "INFO", "name": "emailservice-server", "message": "A request to send order confirmation email to matthew48@example.org has been received."}
2026-08-20T18:18:16.321547060Z {"timestamp": 1787249896.3207061, "severity": "INFO", "name": "emailservice-server", "message": "A request to send order confirmation email to jarvisantonio@example.com has been received."}
2026-08-20T18:18:27.807699250Z {"timestamp": 1787249907.8073914, "severity": "INFO", "name": "emailservice-server", "message": "A request to send order confirmation email to hopkinsbecky@example.net has been received."}
2026-08-20T18:18:40.010355752Z {"timestamp": 1787249920.0098953, "severity": "INFO", "name": "emailservice-server", "message": "A request to send order confirmation email to caseystephen@example.com has been received."}
2026-08-20T18:18:46.110076412Z {"timestamp": 1787249926.1098003, "severity": "INFO", "name": "emailservice-server", "message": "A request to send order confirmation email to david12@example.net has been received."}
2026-08-20T18:18:49.749840235Z {"timestamp": 1787249929.7489693, "severity": "INFO", "name": "emailservice-server", "message": "A request to send order confirmation email to sean22@example.org has been received."}
2026-08-20T18:18:51.582292842Z {"timestamp": 1787249931.58189, "severity": "INFO", "name": "emailservice-server", "message": "A request to send order confirmation email to goodcarlos@example.org has been received."}
2026-08-20T18:19:13.513273087Z {"timestamp": 1787249953.5128295, "severity": "INFO", "name": "emailservice-server", "message": "A request to send order confirmation email to williamdavis@example.org has been received."}
2026-08-20T18:19:26.981828305Z {"timestamp": 1787249966.9813738, "severity": "INFO", "name": "emailservice-server", "message": "A request to send order confirmation email to upitts@example.org has been received."}
2026-08-20T18:19:38.103605742Z {"timestamp": 1787249978.1031268, "severity": "INFO", "name": "emailservice-server", "message": "A request to send order confirmation email to david24@example.net has been received."}
2026-08-20T18:19:48.014464027Z {"timestamp": 1787249988.0141945, "severity": "INFO", "name": "emailservice-server", "message": "A request to send order confirmation email to gallowayjessica@example.org has been received."}
2026-08-20T18:20:04.389467550Z {"timestamp": 1787250004.3887064, "severity": "INFO", "name": "emailservice-server", "message": "A request to send order confirmation email to donald31@example.com has been received."}
2026-08-20T18:20:04.991283591Z {"timestamp": 1787250004.9909852, "severity": "INFO", "name": "emailservice-server", "message": "A request to send order confirmation email to robinsonpamela@example.net has been received."}
2026-08-20T18:20:07.140195138Z {"timestamp": 1787250007.139957, "severity": "INFO", "name": "emailservice-server", "message": "A request to send order confirmation email to stapia@example.org has been received."}
2026-08-20T18:20:22.881660606Z {"timestamp": 1787250022.88133, "severity": "INFO", "name": "emailservice-server", "message": "A request to send order confirmation email to shudson@example.com has been received."}
2026-08-20T18:20:28.512250862Z {"timestamp": 1787250028.5119188, "severity": "INFO", "name": "emailservice-server", "message": "A request to send order confirmation email to tara29@example.com has been received."}
2026-08-20T18:20:31.638994849Z {"timestamp": 1787250031.6386783, "severity": "INFO", "name": "emailservice-server", "message": "A request to send order confirmation email to justinmoore@example.org has been received."}
2026-08-20T18:20:48.731044996Z {"timestamp": 1787250048.730776, "severity": "INFO", "name": "emailservice-server", "message": "A request to send order confirmation email to henry08@example.org has been received."}
2026-08-20T18:21:01.016215775Z {"timestamp": 1787250061.0156803, "severity": "INFO", "name": "emailservice-server", "message": "A request to send order confirmation email to teresa93@example.org has been received."}
2026-08-20T18:21:06.597191972Z {"timestamp": 1787250066.5967453, "severity": "INFO", "name": "emailservice-server", "message": "A request to send order confirmation email to medinaamanda@example.com has been received."}
2026-08-20T18:21:13.140646213Z {"timestamp": 1787250073.140308, "severity": "INFO", "name": "emailservice-server", "message": "A request to send order confirmation email to rebecca56@example.net has been received."}
2026-08-20T18:21:20.785852463Z {"timestamp": 1787250080.7856452, "severity": "INFO", "name": "emailservice-server", "message": "A request to send order confirmation email to sheri33@example.org has been received."}
2026-08-20T18:21:40.012829565Z {"timestamp": 1787250100.0124295, "severity": "INFO", "name": "emailservice-server", "message": "A request to send order confirmation email to jcunningham@example.org has been received."}
2026-08-20T18:22:01.064884561Z {"timestamp": 1787250121.0637052, "severity": "INFO", "name": "emailservice-server", "message": "A request to send order confirmation email to sarah66@example.com has been received."}
2026-08-20T18:22:08.176631672Z {"timestamp": 1787250128.1764367, "severity": "INFO", "name": "emailservice-server", "message": "A request to send order confirmation email to baileymaureen@example.org has been received."}
2026-08-20T18:22:25.794676406Z {"timestamp": 1787250145.794032, "severity": "INFO", "name": "emailservice-server", "message": "A request to send order confirmation email to samuel13@example.net has been received."}
2026-08-20T18:22:53.583424928Z {"timestamp": 1787250173.5830233, "severity": "INFO", "name": "emailservice-server", "message": "A request to send order confirmation email to juliekim@example.com has been received."}
2026-08-20T18:22:58.578829267Z {"timestamp": 1787250178.5782044, "severity": "INFO", "name": "emailservice-server", "message": "A request to send order confirmation email to amber20@example.net has been received."}
2026-08-20T18:23:09.598937617Z {"timestamp": 1787250189.5985396, "severity": "INFO", "name": "emailservice-server", "message": "A request to send order confirmation email to karen32@example.net has been received."}
2026-08-20T18:23:31.381113418Z {"timestamp": 1787250211.3805299, "severity": "INFO", "name": "emailservice-server", "message": "A request to send order confirmation email to veronicamccormick@example.org has been received."}
2026-08-20T18:23:35.846404712Z {"timestamp": 1787250215.8460987, "severity": "INFO", "name": "emailservice-server", "message": "A request to send order confirmation email to vharris@example.org has been received."}
2026-08-20T18:23:36.529629897Z {"timestamp": 1787250216.5291705, "severity": "INFO", "name": "emailservice-server", "message": "A request to send order confirmation email to xbaker@example.org has been received."}
2026-08-20T18:23:42.443337149Z {"timestamp": 1787250222.442802, "severity": "INFO", "name": "emailservice-server", "message": "A request to send order confirmation email to carterbenjamin@example.org has been received."}
2026-08-20T18:23:43.660224344Z {"timestamp": 1787250223.6600184, "severity": "INFO", "name": "emailservice-server", "message": "A request to send order confirmation email to qking@example.org has been received."}
2026-08-20T18:24:42.256998728Z {"timestamp": 1787250282.251888, "severity": "INFO", "name": "emailservice-server", "message": "A request to send order confirmation email to jespinoza@example.com has been received."}
2026-08-20T18:24:46.695259346Z {"timestamp": 1787250286.6949625, "severity": "INFO", "name": "emailservice-server", "message": "A request to send order confirmation email to emilyrodriguez@example.org has been received."}
2026-08-20T18:24:46.708085476Z {"timestamp": 1787250286.7078469, "severity": "INFO", "name": "emailservice-server", "message": "A request to send order confirmation email to michael86@example.com has been received."}
2026-08-20T18:24:51.725004625Z {"timestamp": 1787250291.7234902, "severity": "INFO", "name": "emailservice-server", "message": "A request to send order confirmation email to jamesmccarthy@example.com has been received."}
2026-08-20T18:25:03.583216073Z {"timestamp": 1787250303.5828593, "severity": "INFO", "name": "emailservice-server", "message": "A request to send order confirmation email to martinezwilliam@example.com has been received."}
2026-08-20T18:25:03.589498192Z {"timestamp": 1787250303.58919, "severity": "INFO", "name": "emailservice-server", "message": "A request to send order confirmation email to david26@example.net has been received."}
2026-08-20T18:25:05.759464341Z {"timestamp": 1787250305.7588947, "severity": "INFO", "name": "emailservice-server", "message": "A request to send order confirmation email to benjamin42@example.net has been received."}
2026-08-20T18:25:06.474497210Z {"timestamp": 1787250306.4740877, "severity": "INFO", "name": "emailservice-server", "message": "A request to send order confirmation email to clopez@example.net has been received."}
2026-08-20T18:25:07.429918968Z {"timestamp": 1787250307.4294977, "severity": "INFO", "name": "emailservice-server", "message": "A request to send order confirmation email to josephphelps@example.org has been received."}
2026-08-20T18:25:17.264842606Z {"timestamp": 1787250317.2645414, "severity": "INFO", "name": "emailservice-server", "message": "A request to send order confirmation email to oroberts@example.net has been received."}
2026-08-20T18:25:21.635128117Z {"timestamp": 1787250321.6344483, "severity": "INFO", "name": "emailservice-server", "message": "A request to send order confirmation email to wsimmons@example.net has been received."}
2026-08-20T18:25:28.885670218Z {"timestamp": 1787250328.8852308, "severity": "INFO", "name": "emailservice-server", "message": "A request to send order confirmation email to jennifermorales@example.net has been received."}
2026-08-20T18:25:33.617083196Z {"timestamp": 1787250333.6168396, "severity": "INFO", "name": "emailservice-server", "message": "A request to send order confirmation email to mathewsvirginia@example.org has been received."}
2026-08-20T18:26:01.941526656Z {"timestamp": 1787250361.9407704, "severity": "INFO", "name": "emailservice-server", "message": "A request to send order confirmation email to jlong@example.net has been received."}
2026-08-20T18:26:07.191001025Z {"timestamp": 1787250367.190696, "severity": "INFO", "name": "emailservice-server", "message": "A request to send order confirmation email to rodriguezsarah@example.net has been received."}
2026-08-20T18:26:14.136141088Z {"timestamp": 1787250374.1350453, "severity": "INFO", "name": "emailservice-server", "message": "A request to send order confirmation email to huberlindsey@example.com has been received."}
2026-08-20T18:26:14.446223452Z {"timestamp": 1787250374.4459634, "severity": "INFO", "name": "emailservice-server", "message": "A request to send order confirmation email to markoliver@example.net has been received."}
2026-08-20T18:26:22.731167578Z {"timestamp": 1787250382.7289848, "severity": "INFO", "name": "emailservice-server", "message": "A request to send order confirmation email to ronaldwebb@example.net has been received."}
2026-08-20T18:26:31.354172934Z {"timestamp": 1787250391.351171, "severity": "INFO", "name": "emailservice-server", "message": "A request to send order confirmation email to swatts@example.com has been received."}
2026-08-20T18:26:36.546371641Z {"timestamp": 1787250396.5459867, "severity": "INFO", "name": "emailservice-server", "message": "A request to send order confirmation email to bcharles@example.com has been received."}
2026-08-20T18:26:42.644755606Z {"timestamp": 1787250402.644207, "severity": "INFO", "name": "emailservice-server", "message": "A request to send order confirmation email to april38@example.org has been received."}
2026-08-20T18:27:12.008852602Z {"timestamp": 1787250432.0071852, "severity": "INFO", "name": "emailservice-server", "message": "A request to send order confirmation email to bethanycraig@example.com has been received."}
2026-08-20T18:27:13.505126976Z {"timestamp": 1787250433.5046384, "severity": "INFO", "name": "emailservice-server", "message": "A request to send order confirmation email to bradleykenneth@example.net has been received."}
2026-08-20T18:27:13.732775972Z {"timestamp": 1787250433.73173, "severity": "INFO", "name": "emailservice-server", "message": "A request to send order confirmation email to lori34@example.net has been received."}
2026-08-20T18:27:19.441425912Z {"timestamp": 1787250439.4411373, "severity": "INFO", "name": "emailservice-server", "message": "A request to send order confirmation email to richard59@example.org has been received."}
2026-08-20T18:27:24.719077339Z {"timestamp": 1787250444.7179394, "severity": "INFO", "name": "emailservice-server", "message": "A request to send order confirmation email to janicesloan@example.net has been received."}
2026-08-20T18:27:26.486012005Z {"timestamp": 1787250446.4857962, "severity": "INFO", "name": "emailservice-server", "message": "A request to send order confirmation email to smithjustin@example.org has been received."}
2026-08-20T18:27:31.835840817Z {"timestamp": 1787250451.8355553, "severity": "INFO", "name": "emailservice-server", "message": "A request to send order confirmation email to amyburch@example.net has been received."}
2026-08-20T18:27:32.220360120Z {"timestamp": 1787250452.219487, "severity": "INFO", "name": "emailservice-server", "message": "A request to send order confirmation email to eharris@example.net has been received."}
2026-08-20T18:27:36.713471301Z {"timestamp": 1787250456.7129061, "severity": "INFO", "name": "emailservice-server", "message": "A request to send order confirmation email to bvalentine@example.net has been received."}
2026-08-20T18:27:51.720144780Z {"timestamp": 1787250471.719528, "severity": "INFO", "name": "emailservice-server", "message": "A request to send order confirmation email to morenojeffrey@example.com has been received."}
2026-08-20T18:27:52.820383604Z {"timestamp": 1787250472.819124, "severity": "INFO", "name": "emailservice-server", "message": "A request to send order confirmation email to moodyjennifer@example.org has been received."}
2026-08-20T18:27:56.418493142Z {"timestamp": 1787250476.4171846, "severity": "INFO", "name": "emailservice-server", "message": "A request to send order confirmation email to tnguyen@example.org has been received."}
2026-08-20T18:27:57.369233612Z {"timestamp": 1787250477.3681803, "severity": "INFO", "name": "emailservice-server", "message": "A request to send order confirmation email to angelapitts@example.org has been received."}
2026-08-20T18:27:57.662201307Z {"timestamp": 1787250477.6617372, "severity": "INFO", "name": "emailservice-server", "message": "A request to send order confirmation email to nicole24@example.org has been received."}
2026-08-20T18:28:10.312723956Z {"timestamp": 1787250490.3118396, "severity": "INFO", "name": "emailservice-server", "message": "A request to send order confirmation email to reynoldsmichael@example.org has been received."}
2026-08-20T18:28:11.828244652Z {"timestamp": 1787250491.8276966, "severity": "INFO", "name": "emailservice-server", "message": "A request to send order confirmation email to heather75@example.org has been received."}
2026-08-20T18:28:17.416345199Z {"timestamp": 1787250497.415859, "severity": "INFO", "name": "emailservice-server", "message": "A request to send order confirmation email to sanderson@example.net has been received."}
2026-08-20T18:28:21.385113387Z {"timestamp": 1787250501.3842773, "severity": "INFO", "name": "emailservice-server", "message": "A request to send order confirmation email to jerome52@example.org has been received."}
2026-08-20T18:28:41.537564850Z {"timestamp": 1787250521.5370994, "severity": "INFO", "name": "emailservice-server", "message": "A request to send order confirmation email to justin77@example.net has been received."}
2026-08-20T18:28:47.748086964Z {"timestamp": 1787250527.7473698, "severity": "INFO", "name": "emailservice-server", "message": "A request to send order confirmation email to watkinsheather@example.org has been received."}
2026-08-20T18:28:49.091438117Z {"timestamp": 1787250529.0908678, "severity": "INFO", "name": "emailservice-server", "message": "A request to send order confirmation email to rewing@example.net has been received."}
2026-08-20T18:29:12.104919275Z {"timestamp": 1787250552.1045702, "severity": "INFO", "name": "emailservice-server", "message": "A request to send order confirmation email to charlesmartin@example.net has been received."}
2026-08-20T18:29:18.677262301Z {"timestamp": 1787250558.676902, "severity": "INFO", "name": "emailservice-server", "message": "A request to send order confirmation email to josephcurry@example.org has been received."}
2026-08-20T18:29:37.212621235Z {"timestamp": 1787250577.2123353, "severity": "INFO", "name": "emailservice-server", "message": "A request to send order confirmation email to wdelacruz@example.net has been received."}
2026-08-20T18:30:06.709549120Z {"timestamp": 1787250606.7092633, "severity": "INFO", "name": "emailservice-server", "message": "A request to send order confirmation email to carriemoore@example.org has been received."}
2026-08-20T18:30:19.302343149Z {"timestamp": 1787250619.3020089, "severity": "INFO", "name": "emailservice-server", "message": "A request to send order confirmation email to pstephens@example.net has been received."}
2026-08-20T18:30:24.684744836Z {"timestamp": 1787250624.6843143, "severity": "INFO", "name": "emailservice-server", "message": "A request to send order confirmation email to wadelisa@example.org has been received."}
2026-08-20T18:30:27.793641744Z {"timestamp": 1787250627.793277, "severity": "INFO", "name": "emailservice-server", "message": "A request to send order confirmation email to shaunwilliams@example.org has been received."}
2026-08-20T18:30:53.730731280Z {"timestamp": 1787250653.730468, "severity": "INFO", "name": "emailservice-server", "message": "A request to send order confirmation email to millerjesse@example.com has been received."}
2026-08-20T18:30:58.228528090Z {"timestamp": 1787250658.228066, "severity": "INFO", "name": "emailservice-server", "message": "A request to send order confirmation email to ryanvillanueva@example.org has been received."}
2026-08-20T18:31:00.604396222Z {"timestamp": 1787250660.6039572, "severity": "INFO", "name": "emailservice-server", "message": "A request to send order confirmation email to donna53@example.org has been received."}
2026-08-20T18:31:19.915072299Z {"timestamp": 1787250679.914186, "severity": "INFO", "name": "emailservice-server", "message": "A request to send order confirmation email to veronica10@example.net has been received."}
2026-08-20T18:31:22.404000064Z {"timestamp": 1787250682.4029276, "severity": "INFO", "name": "emailservice-server", "message": "A request to send order confirmation email to james19@example.org has been received."}
2026-08-20T18:31:31.214229385Z {"timestamp": 1787250691.213627, "severity": "INFO", "name": "emailservice-server", "message": "A request to send order confirmation email to daltoncarolyn@example.com has been received."}
2026-08-20T18:31:33.508609398Z {"timestamp": 1787250693.5082304, "severity": "INFO", "name": "emailservice-server", "message": "A request to send order confirmation email to stephensontiffany@example.net has been received."}
2026-08-20T18:31:38.088191596Z {"timestamp": 1787250698.087682, "severity": "INFO", "name": "emailservice-server", "message": "A request to send order confirmation email to icooper@example.com has been received."}
2026-08-20T18:31:42.214578964Z {"timestamp": 1787250702.214279, "severity": "INFO", "name": "emailservice-server", "message": "A request to send order confirmation email to umoreno@example.org has been received."}
2026-08-20T18:31:50.413372091Z {"timestamp": 1787250710.413048, "severity": "INFO", "name": "emailservice-server", "message": "A request to send order confirmation email to richard43@example.com has been received."}
2026-08-20T18:31:55.219725428Z {"timestamp": 1787250715.2018619, "severity": "INFO", "name": "emailservice-server", "message": "A request to send order confirmation email to leeharris@example.org has been received."}
2026-08-20T18:32:01.215463080Z {"timestamp": 1787250721.2150464, "severity": "INFO", "name": "emailservice-server", "message": "A request to send order confirmation email to fstephens@example.net has been received."}
2026-08-20T18:32:14.749597646Z {"timestamp": 1787250734.7484283, "severity": "INFO", "name": "emailservice-server", "message": "A request to send order confirmation email to isanders@example.net has been received."}
2026-08-20T18:32:15.497969774Z {"timestamp": 1787250735.4972935, "severity": "INFO", "name": "emailservice-server", "message": "A request to send order confirmation email to brennanrandall@example.org has been received."}
2026-08-20T18:32:28.786795300Z {"timestamp": 1787250748.7864974, "severity": "INFO", "name": "emailservice-server", "message": "A request to send order confirmation email to christine08@example.com has been received."}
2026-08-20T18:32:29.996175271Z {"timestamp": 1787250749.9959404, "severity": "INFO", "name": "emailservice-server", "message": "A request to send order confirmation email to dakotabell@example.net has been received."}
2026-08-20T18:32:39.624297434Z {"timestamp": 1787250759.6239033, "severity": "INFO", "name": "emailservice-server", "message": "A request to send order confirmation email to jameswhite@example.org has been received."}
2026-08-20T18:32:55.131491090Z {"timestamp": 1787250775.1311297, "severity": "INFO", "name": "emailservice-server", "message": "A request to send order confirmation email to alexandrasloan@example.org has been received."}
2026-08-20T18:33:07.768786579Z {"timestamp": 1787250787.7675526, "severity": "INFO", "name": "emailservice-server", "message": "A request to send order confirmation email to sharon24@example.net has been received."}
2026-08-20T18:33:12.107479535Z {"timestamp": 1787250792.1070628, "severity": "INFO", "name": "emailservice-server", "message": "A request to send order confirmation email to wrightcody@example.org has been received."}
2026-08-20T18:33:16.876474493Z {"timestamp": 1787250796.8759825, "severity": "INFO", "name": "emailservice-server", "message": "A request to send order confirmation email to wumichael@example.com has been received."}
2026-08-20T18:33:27.787662930Z {"timestamp": 1787250807.786595, "severity": "INFO", "name": "emailservice-server", "message": "A request to send order confirmation email to kaufmanjeffrey@example.com has been received."}
2026-08-20T18:33:42.776904265Z {"timestamp": 1787250822.7759032, "severity": "INFO", "name": "emailservice-server", "message": "A request to send order confirmation email to andrew68@example.com has been received."}
2026-08-20T18:33:48.557760233Z {"timestamp": 1787250828.5575001, "severity": "INFO", "name": "emailservice-server", "message": "A request to send order confirmation email to jacob13@example.com has been received."}
2026-08-20T18:33:50.242272694Z {"timestamp": 1787250830.2419674, "severity": "INFO", "name": "emailservice-server", "message": "A request to send order confirmation email to muellerallison@example.com has been received."}
2026-08-20T18:33:53.107870718Z {"timestamp": 1787250833.1073825, "severity": "INFO", "name": "emailservice-server", "message": "A request to send order confirmation email to stephen01@example.net has been received."}
2026-08-20T18:33:54.357558011Z {"timestamp": 1787250834.3571894, "severity": "INFO", "name": "emailservice-server", "message": "A request to send order confirmation email to alexanderchristopher@example.com has been received."}
2026-08-20T18:33:58.718362880Z {"timestamp": 1787250838.7178593, "severity": "INFO", "name": "emailservice-server", "message": "A request to send order confirmation email to nparker@example.com has been received."}
2026-08-20T18:34:00.588597256Z {"timestamp": 1787250840.5880194, "severity": "INFO", "name": "emailservice-server", "message": "A request to send order confirmation email to crawfordeileen@example.com has been received."}
2026-08-20T18:34:03.390623702Z {"timestamp": 1787250843.390265, "severity": "INFO", "name": "emailservice-server", "message": "A request to send order confirmation email to anahicks@example.org has been received."}
2026-08-20T18:34:05.928956271Z {"timestamp": 1787250845.9287288, "severity": "INFO", "name": "emailservice-server", "message": "A request to send order confirmation email to rothjared@example.org has been received."}
2026-08-20T18:34:06.253925163Z {"timestamp": 1787250846.2524338, "severity": "INFO", "name": "emailservice-server", "message": "A request to send order confirmation email to brandon38@example.org has been received."}
2026-08-20T18:34:12.287420912Z {"timestamp": 1787250852.2868443, "severity": "INFO", "name": "emailservice-server", "message": "A request to send order confirmation email to scottrobert@example.org has been received."}
2026-08-20T18:34:19.075492341Z {"timestamp": 1787250859.0749514, "severity": "INFO", "name": "emailservice-server", "message": "A request to send order confirmation email to laurenmaldonado@example.net has been received."}
2026-08-20T18:34:26.856705380Z {"timestamp": 1787250866.8563414, "severity": "INFO", "name": "emailservice-server", "message": "A request to send order confirmation email to iingram@example.org has been received."}
2026-08-20T18:34:27.756371664Z {"timestamp": 1787250867.7555947, "severity": "INFO", "name": "emailservice-server", "message": "A request to send order confirmation email to bennettwilliam@example.org has been received."}
2026-08-20T18:34:41.199522729Z {"timestamp": 1787250881.1992147, "severity": "INFO", "name": "emailservice-server", "message": "A request to send order confirmation email to kimberlyanderson@example.com has been received."}
2026-08-20T18:34:42.140570632Z {"timestamp": 1787250882.1399841, "severity": "INFO", "name": "emailservice-server", "message": "A request to send order confirmation email to churchsherri@example.org has been received."}
2026-08-20T18:34:50.068248626Z {"timestamp": 1787250890.0679884, "severity": "INFO", "name": "emailservice-server", "message": "A request to send order confirmation email to juancobb@example.net has been received."}
2026-08-20T18:34:58.065726705Z {"timestamp": 1787250898.0653265, "severity": "INFO", "name": "emailservice-server", "message": "A request to send order confirmation email to collinsrachel@example.org has been received."}
2026-08-20T18:35:15.845851286Z {"timestamp": 1787250915.8452642, "severity": "INFO", "name": "emailservice-server", "message": "A request to send order confirmation email to ovelasquez@example.com has been received."}
2026-08-20T18:35:17.019254977Z {"timestamp": 1787250917.0185251, "severity": "INFO", "name": "emailservice-server", "message": "A request to send order confirmation email to cynthia39@example.com has been received."}
2026-08-20T18:35:17.901157980Z {"timestamp": 1787250917.9000614, "severity": "INFO", "name": "emailservice-server", "message": "A request to send order confirmation email to bhoffman@example.net has been received."}
2026-08-20T18:35:19.652289391Z {"timestamp": 1787250919.6519945, "severity": "INFO", "name": "emailservice-server", "message": "A request to send order confirmation email to billy22@example.org has been received."}
2026-08-20T18:35:24.376487261Z {"timestamp": 1787250924.3760083, "severity": "INFO", "name": "emailservice-server", "message": "A request to send order confirmation email to cunninghamdaniel@example.com has been received."}
2026-08-20T18:35:33.592973072Z {"timestamp": 1787250933.5926678, "severity": "INFO", "name": "emailservice-server", "message": "A request to send order confirmation email to ujones@example.org has been received."}
2026-08-20T18:35:39.367498232Z {"timestamp": 1787250939.3672543, "severity": "INFO", "name": "emailservice-server", "message": "A request to send order confirmation email to gregoryberry@example.net has been received."}
2026-08-20T18:35:44.484708873Z {"timestamp": 1787250944.4837248, "severity": "INFO", "name": "emailservice-server", "message": "A request to send order confirmation email to tlawrence@example.net has been received."}
2026-08-20T18:35:48.663927493Z {"timestamp": 1787250948.6635392, "severity": "INFO", "name": "emailservice-server", "message": "A request to send order confirmation email to steven18@example.net has been received."}
2026-08-20T18:36:04.163346758Z {"timestamp": 1787250964.1625044, "severity": "INFO", "name": "emailservice-server", "message": "A request to send order confirmation email to ricetimothy@example.net has been received."}
