2026-08-20T18:14:50.042410533Z 1:M 20 Aug 2026 18:14:50.041 * 100 changes in 300 seconds. Saving...
2026-08-20T18:14:50.052824275Z 1:M 20 Aug 2026 18:14:50.051 * Background saving started by pid 25
2026-08-20T18:14:50.188971321Z 25:C 20 Aug 2026 18:14:50.188 * BGSAVE done, 937 keys saved, 0 keys skipped, 96762 bytes written.
2026-08-20T18:14:50.195972757Z 25:C 20 Aug 2026 18:14:50.195 * DB saved on disk
2026-08-20T18:14:50.196842960Z 25:C 20 Aug 2026 18:14:50.196 * Fork CoW for RDB: current 1 MB, peak 1 MB, average 0 MB
2026-08-20T18:14:50.289537521Z 1:M 20 Aug 2026 18:14:50.288 * Background saving terminated with success
2026-08-20T18:19:51.058360614Z 1:M 20 Aug 2026 18:19:51.058 * 100 changes in 300 seconds. Saving...
2026-08-20T18:19:51.059519013Z 1:M 20 Aug 2026 18:19:51.059 * Background saving started by pid 26
2026-08-20T18:19:51.063451690Z 26:C 20 Aug 2026 18:19:51.063 * BGSAVE done, 937 keys saved, 0 keys skipped, 96785 bytes written.
2026-08-20T18:19:51.071515479Z 26:C 20 Aug 2026 18:19:51.071 * DB saved on disk
2026-08-20T18:19:51.072132385Z 26:C 20 Aug 2026 18:19:51.071 * Fork CoW for RDB: current 0 MB, peak 0 MB, average 0 MB
2026-08-20T18:19:51.160336672Z 1:M 20 Aug 2026 18:19:51.160 * Background saving terminated with success
2026-08-20T18:24:52.033495057Z 1:M 20 Aug 2026 18:24:52.032 * 100 changes in 300 seconds. Saving...
2026-08-20T18:24:52.036415520Z 1:M 20 Aug 2026 18:24:52.035 * Background saving started by pid 27
2026-08-20T18:24:52.093788402Z 27:C 20 Aug 2026 18:24:52.092 * BGSAVE done, 937 keys saved, 0 keys skipped, 96786 bytes written.
2026-08-20T18:24:52.109470984Z 27:C 20 Aug 2026 18:24:52.108 * DB saved on disk
2026-08-20T18:24:52.111915171Z 27:C 20 Aug 2026 18:24:52.111 * Fork CoW for RDB: current 0 MB, peak 0 MB, average 0 MB
2026-08-20T18:24:52.187159682Z 1:M 20 Aug 2026 18:24:52.186 * Background saving terminated with success
2026-08-20T18:29:53.050227079Z 1:M 20 Aug 2026 18:29:53.049 * 100 changes in 300 seconds. Saving...
2026-08-20T18:29:53.052749758Z 1:M 20 Aug 2026 18:29:53.051 * Background saving started by pid 28
2026-08-20T18:29:53.243109730Z 28:C 20 Aug 2026 18:29:53.242 * BGSAVE done, 937 keys saved, 0 keys skipped, 96860 bytes written.
2026-08-20T18:29:53.248283706Z 28:C 20 Aug 2026 18:29:53.247 * DB saved on disk
2026-08-20T18:29:53.249003915Z 28:C 20 Aug 2026 18:29:53.248 * Fork CoW for RDB: current 1 MB, peak 1 MB, average 0 MB
2026-08-20T18:29:53.340926512Z 1:M 20 Aug 2026 18:29:53.340 * Background saving terminated with success
2026-08-20T18:34:54.004824934Z 1:M 20 Aug 2026 18:34:54.004 * 100 changes in 300 seconds. Saving...
2026-08-20T18:34:54.005718708Z 1:M 20 Aug 2026 18:34:54.005 * Background saving started by pid 29
2026-08-20T18:34:54.009017151Z 29:C 20 Aug 2026 18:34:54.008 * BGSAVE done, 937 keys saved, 0 keys skipped, 96669 bytes written.
2026-08-20T18:34:54.015463409Z 29:C 20 Aug 2026 18:34:54.015 * DB saved on disk
2026-08-20T18:34:54.016289470Z 29:C 20 Aug 2026 18:34:54.015 * Fork CoW for RDB: current 0 MB, peak 0 MB, average 0 MB
2026-08-20T18:34:54.107808218Z 1:M 20 Aug 2026 18:34:54.106 * Background saving terminated with success
