2026-08-15T12:57:18.452298335Z {"timestamp": 1786798638.4519393, "severity": "INFO", "name": "emailservice-server", "message": "A request to send order confirmation email to steinamy@example.net has been received."}
2026-08-15T12:57:34.758357615Z {"timestamp": 1786798654.758115, "severity": "INFO", "name": "emailservice-server", "message": "A request to send order confirmation email to zbeck@example.net has been received."}
2026-08-15T12:57:44.889372108Z {"timestamp": 1786798664.8890593, "severity": "INFO", "name": "emailservice-server", "message": "A request to send order confirmation email to jmills@example.net has been received."}
2026-08-15T12:57:57.716136598Z {"timestamp": 1786798677.7157462, "severity": "INFO", "name": "emailservice-server", "message": "A request to send order confirmation email to hayesjoshua@example.com has been received."}
2026-08-15T12:58:29.585171112Z {"timestamp": 1786798709.5848207, "severity": "INFO", "name": "emailservice-server", "message": "A request to send order confirmation email to caintiffany@example.net has been received."}
2026-08-15T12:58:30.578677484Z {"timestamp": 1786798710.578386, "severity": "INFO", "name": "emailservice-server", "message": "A request to send order confirmation email to vharris@example.net has been received."}
2026-08-15T12:58:31.180795608Z {"timestamp": 1786798711.1805, "severity": "INFO", "name": "emailservice-server", "message": "A request to send order confirmation email to williamwillis@example.net has been received."}
2026-08-15T12:58:35.491742726Z {"timestamp": 1786798715.4914281, "severity": "INFO", "name": "emailservice-server", "message": "A request to send order confirmation email to micheal29@example.com has been received."}
2026-08-15T12:58:37.277181920Z {"timestamp": 1786798717.276875, "severity": "INFO", "name": "emailservice-server", "message": "A request to send order confirmation email to preed@example.org has been received."}
2026-08-15T12:58:37.998485799Z {"timestamp": 1786798717.9981892, "severity": "INFO", "name": "emailservice-server", "message": "A request to send order confirmation email to zschultz@example.net has been received."}
2026-08-15T12:58:38.381109765Z {"timestamp": 1786798718.3808289, "severity": "INFO", "name": "emailservice-server", "message": "A request to send order confirmation email to patelchelsea@example.org has been received."}
2026-08-15T12:58:56.728589296Z {"timestamp": 1786798736.72831, "severity": "INFO", "name": "emailservice-server", "message": "A request to send order confirmation email to jeffrey80@example.net has been received."}
2026-08-15T12:59:01.323390258Z {"timestamp": 1786798741.3230915, "severity": "INFO", "name": "emailservice-server", "message": "A request to send order confirmation email to rachel29@example.org has been received."}
2026-08-15T12:59:24.633689785Z {"timestamp": 1786798764.6333437, "severity": "INFO", "name": "emailservice-server", "message": "A request to send order confirmation email to oturner@example.net has been received."}
2026-08-15T12:59:33.268604213Z {"timestamp": 1786798773.268314, "severity": "INFO", "name": "emailservice-server", "message": "A request to send order confirmation email to charlesriley@example.net has been received."}
2026-08-15T12:59:38.479982203Z {"timestamp": 1786798778.479651, "severity": "INFO", "name": "emailservice-server", "message": "A request to send order confirmation email to dobrien@example.org has been received."}
2026-08-15T12:59:40.578816597Z {"timestamp": 1786798780.5785806, "severity": "INFO", "name": "emailservice-server", "message": "A request to send order confirmation email to briannunez@example.net has been received."}
2026-08-15T12:59:43.597191282Z {"timestamp": 1786798783.596892, "severity": "INFO", "name": "emailservice-server", "message": "A request to send order confirmation email to mary20@example.com has been received."}
2026-08-15T12:59:48.724019167Z {"timestamp": 1786798788.7236972, "severity": "INFO", "name": "emailservice-server", "message": "A request to send order confirmation email to ronaldbauer@example.net has been received."}
2026-08-15T12:59:53.637035726Z {"timestamp": 1786798793.6367483, "severity": "INFO", "name": "emailservice-server", "message": "A request to send order confirmation email to kaylee78@example.com has been received."}
2026-08-15T13:00:04.873564649Z {"timestamp": 1786798804.8733346, "severity": "INFO", "name": "emailservice-server", "message": "A request to send order confirmation email to jeremy19@example.net has been received."}
2026-08-15T13:00:21.330964781Z {"timestamp": 1786798821.330296, "severity": "INFO", "name": "emailservice-server", "message": "A request to send order confirmation email to james65@example.net has been received."}
2026-08-15T13:00:27.681339878Z {"timestamp": 1786798827.6810422, "severity": "INFO", "name": "emailservice-server", "message": "A request to send order confirmation email to juliegordon@example.com has been received."}
2026-08-15T13:00:40.351072380Z {"timestamp": 1786798840.3507888, "severity": "INFO", "name": "emailservice-server", "message": "A request to send order confirmation email to troy22@example.net has been received."}
2026-08-15T13:00:40.822626245Z {"timestamp": 1786798840.8223248, "severity": "INFO", "name": "emailservice-server", "message": "A request to send order confirmation email to nwilliams@example.org has been received."}
2026-08-15T13:01:06.671693655Z {"timestamp": 1786798866.6713278, "severity": "INFO", "name": "emailservice-server", "message": "A request to send order confirmation email to cameron95@example.com has been received."}
2026-08-15T13:01:21.656606460Z {"timestamp": 1786798881.6562057, "severity": "INFO", "name": "emailservice-server", "message": "A request to send order confirmation email to powellmichelle@example.com has been received."}
2026-08-15T13:01:28.186131150Z {"timestamp": 1786798888.1856182, "severity": "INFO", "name": "emailservice-server", "message": "A request to send order confirmation email to matthew48@example.org has been received."}
2026-08-15T13:01:28.664462194Z {"timestamp": 1786798888.6637826, "severity": "INFO", "name": "emailservice-server", "message": "A request to send order confirmation email to jarvisantonio@example.com has been received."}
2026-08-15T13:01:29.873320850Z {"timestamp": 1786798889.872369, "severity": "INFO", "name": "emailservice-server", "message": "A request to send order confirmation email to hopkinsbecky@example.net has been received."}
2026-08-15T13:01:31.743778216Z {"timestamp": 1786798891.743129, "severity": "INFO", "name": "emailservice-server", "message": "A request to send order confirmation email to caseystephen@example.com has been received."}
2026-08-15T13:01:33.390064892Z {"timestamp": 1786798893.38968, "severity": "INFO", "name": "emailservice-server", "message": "A request to send order confirmation email to david12@example.net has been received."}
2026-08-15T13:01:45.955889853Z {"timestamp": 1786798905.9555612, "severity": "INFO", "name": "emailservice-server", "message": "A request to send order confirmation email to sean22@example.org has been received."}
2026-08-15T13:02:06.340236702Z {"timestamp": 1786798926.3394566, "severity": "INFO", "name": "emailservice-server", "message": "A request to send order confirmation email to goodcarlos@example.org has been received."}
2026-08-15T13:02:13.135005565Z {"timestamp": 1786798933.1346524, "severity": "INFO", "name": "emailservice-server", "message": "A request to send order confirmation email to williamdavis@example.org has been received."}
2026-08-15T13:02:13.573620071Z {"timestamp": 1786798933.573149, "severity": "INFO", "name": "emailservice-server", "message": "A request to send order confirmation email to upitts@example.org has been received."}
2026-08-15T13:02:22.364792580Z {"timestamp": 1786798942.3644152, "severity": "INFO", "name": "emailservice-server", "message": "A request to send order confirmation email to david24@example.net has been received."}
2026-08-15T13:02:42.605064653Z {"timestamp": 1786798962.6046546, "severity": "INFO", "name": "emailservice-server", "message": "A request to send order confirmation email to gallowayjessica@example.org has been received."}
2026-08-15T13:02:48.820692008Z {"timestamp": 1786798968.8202755, "severity": "INFO", "name": "emailservice-server", "message": "A request to send order confirmation email to donald31@example.com has been received."}
2026-08-15T13:02:48.825463639Z {"timestamp": 1786798968.825164, "severity": "INFO", "name": "emailservice-server", "message": "A request to send order confirmation email to robinsonpamela@example.net has been received."}
2026-08-15T13:02:52.355356035Z {"timestamp": 1786798972.3549113, "severity": "INFO", "name": "emailservice-server", "message": "A request to send order confirmation email to stapia@example.org has been received."}
2026-08-15T13:02:59.677637189Z {"timestamp": 1786798979.6767254, "severity": "INFO", "name": "emailservice-server", "message": "A request to send order confirmation email to shudson@example.com has been received."}
2026-08-15T13:03:02.258850214Z {"timestamp": 1786798982.2581897, "severity": "INFO", "name": "emailservice-server", "message": "A request to send order confirmation email to tara29@example.com has been received."}
2026-08-15T13:03:07.454227098Z {"timestamp": 1786798987.4538405, "severity": "INFO", "name": "emailservice-server", "message": "A request to send order confirmation email to justinmoore@example.org has been received."}
2026-08-15T13:03:22.230837992Z {"timestamp": 1786799002.2304268, "severity": "INFO", "name": "emailservice-server", "message": "A request to send order confirmation email to henry08@example.org has been received."}
2026-08-15T13:03:22.601298652Z {"timestamp": 1786799002.600774, "severity": "INFO", "name": "emailservice-server", "message": "A request to send order confirmation email to teresa93@example.org has been received."}
2026-08-15T13:03:42.260463905Z {"timestamp": 1786799022.258504, "severity": "INFO", "name": "emailservice-server", "message": "A request to send order confirmation email to medinaamanda@example.com has been received."}
2026-08-15T13:03:50.268759109Z {"timestamp": 1786799030.2669294, "severity": "INFO", "name": "emailservice-server", "message": "A request to send order confirmation email to rebecca56@example.net has been received."}
2026-08-15T13:03:59.523946748Z {"timestamp": 1786799039.5231621, "severity": "INFO", "name": "emailservice-server", "message": "A request to send order confirmation email to sheri33@example.org has been received."}
2026-08-15T13:04:00.133037545Z {"timestamp": 1786799040.1326478, "severity": "INFO", "name": "emailservice-server", "message": "A request to send order confirmation email to jcunningham@example.org has been received."}
2026-08-15T13:04:09.806907459Z {"timestamp": 1786799049.8064365, "severity": "INFO", "name": "emailservice-server", "message": "A request to send order confirmation email to sarah66@example.com has been received."}
2026-08-15T13:04:10.238173744Z {"timestamp": 1786799050.2378757, "severity": "INFO", "name": "emailservice-server", "message": "A request to send order confirmation email to baileymaureen@example.org has been received."}
2026-08-15T13:04:20.456918162Z {"timestamp": 1786799060.456419, "severity": "INFO", "name": "emailservice-server", "message": "A request to send order confirmation email to samuel13@example.net has been received."}
2026-08-15T13:04:29.213706875Z {"timestamp": 1786799069.2132065, "severity": "INFO", "name": "emailservice-server", "message": "A request to send order confirmation email to juliekim@example.com has been received."}
2026-08-15T13:04:36.055296775Z {"timestamp": 1786799076.0541837, "severity": "INFO", "name": "emailservice-server", "message": "A request to send order confirmation email to amber20@example.net has been received."}
2026-08-15T13:04:43.659154196Z {"timestamp": 1786799083.6542692, "severity": "INFO", "name": "emailservice-server", "message": "A request to send order confirmation email to karen32@example.net has been received."}
2026-08-15T13:05:05.256499651Z {"timestamp": 1786799105.256163, "severity": "INFO", "name": "emailservice-server", "message": "A request to send order confirmation email to veronicamccormick@example.org has been received."}
2026-08-15T13:05:16.669030408Z {"timestamp": 1786799116.6679435, "severity": "INFO", "name": "emailservice-server", "message": "A request to send order confirmation email to vharris@example.org has been received."}
2026-08-15T13:05:19.105419286Z {"timestamp": 1786799119.1050425, "severity": "INFO", "name": "emailservice-server", "message": "A request to send order confirmation email to xbaker@example.org has been received."}
2026-08-15T13:05:22.909906398Z {"timestamp": 1786799122.9097059, "severity": "INFO", "name": "emailservice-server", "message": "A request to send order confirmation email to carterbenjamin@example.org has been received."}
2026-08-15T13:05:36.283048249Z {"timestamp": 1786799136.2820296, "severity": "INFO", "name": "emailservice-server", "message": "A request to send order confirmation email to qking@example.org has been received."}
2026-08-15T13:05:57.157689515Z {"timestamp": 1786799157.1569333, "severity": "INFO", "name": "emailservice-server", "message": "A request to send order confirmation email to jespinoza@example.com has been received."}
2026-08-15T13:06:05.157574194Z {"timestamp": 1786799165.1568956, "severity": "INFO", "name": "emailservice-server", "message": "A request to send order confirmation email to emilyrodriguez@example.org has been received."}
2026-08-15T13:06:16.501671915Z {"timestamp": 1786799176.5012062, "severity": "INFO", "name": "emailservice-server", "message": "A request to send order confirmation email to michael86@example.com has been received."}
2026-08-15T13:06:45.432386211Z {"timestamp": 1786799205.432068, "severity": "INFO", "name": "emailservice-server", "message": "A request to send order confirmation email to jamesmccarthy@example.com has been received."}
2026-08-15T13:06:57.147914780Z {"timestamp": 1786799217.1474056, "severity": "INFO", "name": "emailservice-server", "message": "A request to send order confirmation email to martinezwilliam@example.com has been received."}
2026-08-15T13:07:02.617471670Z {"timestamp": 1786799222.617099, "severity": "INFO", "name": "emailservice-server", "message": "A request to send order confirmation email to david26@example.net has been received."}
2026-08-15T13:07:03.124207597Z {"timestamp": 1786799223.1238563, "severity": "INFO", "name": "emailservice-server", "message": "A request to send order confirmation email to benjamin42@example.net has been received."}
2026-08-15T13:07:07.105600447Z {"timestamp": 1786799227.1048474, "severity": "INFO", "name": "emailservice-server", "message": "A request to send order confirmation email to clopez@example.net has been received."}
2026-08-15T13:07:37.204301437Z {"timestamp": 1786799257.2036452, "severity": "INFO", "name": "emailservice-server", "message": "A request to send order confirmation email to josephphelps@example.org has been received."}
2026-08-15T13:07:49.440174009Z {"timestamp": 1786799269.4393358, "severity": "INFO", "name": "emailservice-server", "message": "A request to send order confirmation email to oroberts@example.net has been received."}
2026-08-15T13:07:55.181495885Z {"timestamp": 1786799275.181129, "severity": "INFO", "name": "emailservice-server", "message": "A request to send order confirmation email to wsimmons@example.net has been received."}
2026-08-15T13:08:00.647085185Z {"timestamp": 1786799280.646022, "severity": "INFO", "name": "emailservice-server", "message": "A request to send order confirmation email to jennifermorales@example.net has been received."}
2026-08-15T13:08:07.381962888Z {"timestamp": 1786799287.3816335, "severity": "INFO", "name": "emailservice-server", "message": "A request to send order confirmation email to mathewsvirginia@example.org has been received."}
2026-08-15T13:08:07.421952276Z {"timestamp": 1786799287.4216628, "severity": "INFO", "name": "emailservice-server", "message": "A request to send order confirmation email to jlong@example.net has been received."}
2026-08-15T13:08:21.991019827Z {"timestamp": 1786799301.9900165, "severity": "INFO", "name": "emailservice-server", "message": "A request to send order confirmation email to rodriguezsarah@example.net has been received."}
2026-08-15T13:08:26.697455355Z {"timestamp": 1786799306.69639, "severity": "INFO", "name": "emailservice-server", "message": "A request to send order confirmation email to huberlindsey@example.com has been received."}
2026-08-15T13:08:30.703958410Z {"timestamp": 1786799310.7035131, "severity": "INFO", "name": "emailservice-server", "message": "A request to send order confirmation email to markoliver@example.net has been received."}
2026-08-15T13:08:31.272620213Z {"timestamp": 1786799311.2719553, "severity": "INFO", "name": "emailservice-server", "message": "A request to send order confirmation email to ronaldwebb@example.net has been received."}
2026-08-15T13:08:34.444022550Z {"timestamp": 1786799314.4434593, "severity": "INFO", "name": "emailservice-server", "message": "A request to send order confirmation email to swatts@example.com has been received."}
2026-08-15T13:08:39.820810923Z {"timestamp": 1786799319.8202076, "severity": "INFO", "name": "emailservice-server", "message": "A request to send order confirmation email to bcharles@example.com has been received."}
2026-08-15T13:08:52.313247536Z {"timestamp": 1786799332.312679, "severity": "INFO", "name": "emailservice-server", "message": "A request to send order confirmation email to april38@example.org has been received."}
2026-08-15T13:09:01.376144083Z {"timestamp": 1786799341.3757625, "severity": "INFO", "name": "emailservice-server", "message": "A request to send order confirmation email to bethanycraig@example.com has been received."}
2026-08-15T13:09:19.394968203Z {"timestamp": 1786799359.3945894, "severity": "INFO", "name": "emailservice-server", "message": "A request to send order confirmation email to bradleykenneth@example.net has been received."}
2026-08-15T13:09:23.923728123Z {"timestamp": 1786799363.9226542, "severity": "INFO", "name": "emailservice-server", "message": "A request to send order confirmation email to lori34@example.net has been received."}
2026-08-15T13:09:24.400555010Z {"timestamp": 1786799364.398956, "severity": "INFO", "name": "emailservice-server", "message": "A request to send order confirmation email to richard59@example.org has been received."}
2026-08-15T13:09:27.368962575Z {"timestamp": 1786799367.368585, "severity": "INFO", "name": "emailservice-server", "message": "A request to send order confirmation email to janicesloan@example.net has been received."}
2026-08-15T13:09:32.126147937Z {"timestamp": 1786799372.1257966, "severity": "INFO", "name": "emailservice-server", "message": "A request to send order confirmation email to smithjustin@example.org has been received."}
2026-08-15T13:09:55.882615779Z {"timestamp": 1786799395.8817203, "severity": "INFO", "name": "emailservice-server", "message": "A request to send order confirmation email to amyburch@example.net has been received."}
2026-08-15T13:09:58.073890583Z {"timestamp": 1786799398.073463, "severity": "INFO", "name": "emailservice-server", "message": "A request to send order confirmation email to eharris@example.net has been received."}
2026-08-15T13:10:02.875413464Z {"timestamp": 1786799402.8751051, "severity": "INFO", "name": "emailservice-server", "message": "A request to send order confirmation email to bvalentine@example.net has been received."}
2026-08-15T13:10:29.772601614Z {"timestamp": 1786799429.7721987, "severity": "INFO", "name": "emailservice-server", "message": "A request to send order confirmation email to morenojeffrey@example.com has been received."}
2026-08-15T13:10:42.743795672Z {"timestamp": 1786799442.7408757, "severity": "INFO", "name": "emailservice-server", "message": "A request to send order confirmation email to moodyjennifer@example.org has been received."}
2026-08-15T13:10:46.635387921Z {"timestamp": 1786799446.6342297, "severity": "INFO", "name": "emailservice-server", "message": "A request to send order confirmation email to tnguyen@example.org has been received."}
2026-08-15T13:10:46.824906086Z {"timestamp": 1786799446.822438, "severity": "INFO", "name": "emailservice-server", "message": "A request to send order confirmation email to angelapitts@example.org has been received."}
2026-08-15T13:10:50.631497680Z {"timestamp": 1786799450.6300688, "severity": "INFO", "name": "emailservice-server", "message": "A request to send order confirmation email to nicole24@example.org has been received."}
2026-08-15T13:10:56.315909806Z {"timestamp": 1786799456.3150759, "severity": "INFO", "name": "emailservice-server", "message": "A request to send order confirmation email to reynoldsmichael@example.org has been received."}
2026-08-15T13:11:15.200448889Z {"timestamp": 1786799475.1998975, "severity": "INFO", "name": "emailservice-server", "message": "A request to send order confirmation email to heather75@example.org has been received."}
2026-08-15T13:11:39.960837209Z {"timestamp": 1786799499.9602818, "severity": "INFO", "name": "emailservice-server", "message": "A request to send order confirmation email to sanderson@example.net has been received."}
2026-08-15T13:11:41.855709027Z {"timestamp": 1786799501.8554575, "severity": "INFO", "name": "emailservice-server", "message": "A request to send order confirmation email to jerome52@example.org has been received."}
2026-08-15T13:11:45.368899006Z {"timestamp": 1786799505.3675623, "severity": "INFO", "name": "emailservice-server", "message": "A request to send order confirmation email to justin77@example.net has been received."}
2026-08-15T13:11:54.358556085Z {"timestamp": 1786799514.357738, "severity": "INFO", "name": "emailservice-server", "message": "A request to send order confirmation email to watkinsheather@example.org has been received."}
2026-08-15T13:12:01.019336583Z {"timestamp": 1786799521.018379, "severity": "INFO", "name": "emailservice-server", "message": "A request to send order confirmation email to rewing@example.net has been received."}
2026-08-15T13:12:26.459955190Z {"timestamp": 1786799546.4595673, "severity": "INFO", "name": "emailservice-server", "message": "A request to send order confirmation email to charlesmartin@example.net has been received."}
2026-08-15T13:12:38.947618286Z {"timestamp": 1786799558.9473486, "severity": "INFO", "name": "emailservice-server", "message": "A request to send order confirmation email to josephcurry@example.org has been received."}
2026-08-15T13:12:40.100137517Z {"timestamp": 1786799560.0996761, "severity": "INFO", "name": "emailservice-server", "message": "A request to send order confirmation email to wdelacruz@example.net has been received."}
2026-08-15T13:12:57.311093364Z {"timestamp": 1786799577.310791, "severity": "INFO", "name": "emailservice-server", "message": "A request to send order confirmation email to carriemoore@example.org has been received."}
2026-08-15T13:13:12.693271856Z {"timestamp": 1786799592.6929212, "severity": "INFO", "name": "emailservice-server", "message": "A request to send order confirmation email to pstephens@example.net has been received."}
2026-08-15T13:13:16.443451205Z {"timestamp": 1786799596.4428813, "severity": "INFO", "name": "emailservice-server", "message": "A request to send order confirmation email to wadelisa@example.org has been received."}
2026-08-15T13:13:47.092597364Z {"timestamp": 1786799627.092181, "severity": "INFO", "name": "emailservice-server", "message": "A request to send order confirmation email to shaunwilliams@example.org has been received."}
2026-08-15T13:13:53.480851613Z {"timestamp": 1786799633.4804773, "severity": "INFO", "name": "emailservice-server", "message": "A request to send order confirmation email to millerjesse@example.com has been received."}
2026-08-15T13:13:54.082161719Z {"timestamp": 1786799634.0818257, "severity": "INFO", "name": "emailservice-server", "message": "A request to send order confirmation email to ryanvillanueva@example.org has been received."}
2026-08-15T13:14:11.143782973Z {"timestamp": 1786799651.1425338, "severity": "INFO", "name": "emailservice-server", "message": "A request to send order confirmation email to donna53@example.org has been received."}
2026-08-15T13:14:17.373140448Z {"timestamp": 1786799657.3728144, "severity": "INFO", "name": "emailservice-server", "message": "A request to send order confirmation email to veronica10@example.net has been received."}
2026-08-15T13:14:22.262365853Z {"timestamp": 1786799662.2621155, "severity": "INFO", "name": "emailservice-server", "message": "A request to send order confirmation email to james19@example.org has been received."}
2026-08-15T13:14:23.280725564Z {"timestamp": 1786799663.2794926, "severity": "INFO", "name": "emailservice-server", "message": "A request to send order confirmation email to daltoncarolyn@example.com has been received."}
2026-08-15T13:14:24.057543978Z {"timestamp": 1786799664.0572636, "severity": "INFO", "name": "emailservice-server", "message": "A request to send order confirmation email to stephensontiffany@example.net has been received."}
2026-08-15T13:14:29.648925959Z {"timestamp": 1786799669.647839, "severity": "INFO", "name": "emailservice-server", "message": "A request to send order confirmation email to icooper@example.com has been received."}
2026-08-15T13:14:31.581665384Z {"timestamp": 1786799671.5809793, "severity": "INFO", "name": "emailservice-server", "message": "A request to send order confirmation email to umoreno@example.org has been received."}
2026-08-15T13:14:33.305165554Z {"timestamp": 1786799673.304864, "severity": "INFO", "name": "emailservice-server", "message": "A request to send order confirmation email to richard43@example.com has been received."}
2026-08-15T13:14:41.289318248Z {"timestamp": 1786799681.288484, "severity": "INFO", "name": "emailservice-server", "message": "A request to send order confirmation email to leeharris@example.org has been received."}
2026-08-15T13:14:48.164953831Z {"timestamp": 1786799688.1645236, "severity": "INFO", "name": "emailservice-server", "message": "A request to send order confirmation email to fstephens@example.net has been received."}
2026-08-15T13:14:48.577616118Z {"timestamp": 1786799688.5767276, "severity": "INFO", "name": "emailservice-server", "message": "A request to send order confirmation email to isanders@example.net has been received."}
2026-08-15T13:14:59.058242055Z {"timestamp": 1786799699.0578182, "severity": "INFO", "name": "emailservice-server", "message": "A request to send order confirmation email to brennanrandall@example.org has been received."}
2026-08-15T13:15:03.674248346Z {"timestamp": 1786799703.6740088, "severity": "INFO", "name": "emailservice-server", "message": "A request to send order confirmation email to christine08@example.com has been received."}
2026-08-15T13:15:09.882285500Z {"timestamp": 1786799709.8820615, "severity": "INFO", "name": "emailservice-server", "message": "A request to send order confirmation email to dakotabell@example.net has been received."}
2026-08-15T13:15:22.391802056Z {"timestamp": 1786799722.3914905, "severity": "INFO", "name": "emailservice-server", "message": "A request to send order confirmation email to jameswhite@example.org has been received."}
2026-08-15T13:15:22.791848035Z {"timestamp": 1786799722.7913492, "severity": "INFO", "name": "emailservice-server", "message": "A request to send order confirmation email to alexandrasloan@example.org has been received."}
2026-08-15T13:15:23.652620956Z {"timestamp": 1786799723.652192, "severity": "INFO", "name": "emailservice-server", "message": "A request to send order confirmation email to sharon24@example.net has been received."}
2026-08-15T13:15:40.036632858Z {"timestamp": 1786799740.0355132, "severity": "INFO", "name": "emailservice-server", "message": "A request to send order confirmation email to wrightcody@example.org has been received."}
2026-08-15T13:15:41.435559755Z {"timestamp": 1786799741.4338632, "severity": "INFO", "name": "emailservice-server", "message": "A request to send order confirmation email to wumichael@example.com has been received."}
2026-08-15T13:15:47.364787746Z {"timestamp": 1786799747.3641086, "severity": "INFO", "name": "emailservice-server", "message": "A request to send order confirmation email to kaufmanjeffrey@example.com has been received."}
2026-08-15T13:15:53.153853083Z {"timestamp": 1786799753.1535106, "severity": "INFO", "name": "emailservice-server", "message": "A request to send order confirmation email to andrew68@example.com has been received."}
2026-08-15T13:15:58.529850189Z {"timestamp": 1786799758.52958, "severity": "INFO", "name": "emailservice-server", "message": "A request to send order confirmation email to jacob13@example.com has been received."}
2026-08-15T13:16:05.529676627Z {"timestamp": 1786799765.5288494, "severity": "INFO", "name": "emailservice-server", "message": "A request to send order confirmation email to muellerallison@example.com has been received."}
2026-08-15T13:16:29.125293179Z {"timestamp": 1786799789.1200292, "severity": "INFO", "name": "emailservice-server", "message": "A request to send order confirmation email to stephen01@example.net has been received."}
2026-08-15T13:17:02.340013870Z {"timestamp": 1786799822.3394787, "severity": "INFO", "name": "emailservice-server", "message": "A request to send order confirmation email to alexanderchristopher@example.com has been received."}
2026-08-15T13:17:08.621808764Z {"timestamp": 1786799828.620739, "severity": "INFO", "name": "emailservice-server", "message": "A request to send order confirmation email to nparker@example.com has been received."}
2026-08-15T13:17:10.078409499Z {"timestamp": 1786799830.0777855, "severity": "INFO", "name": "emailservice-server", "message": "A request to send order confirmation email to crawfordeileen@example.com has been received."}
2026-08-15T13:17:17.157301309Z {"timestamp": 1786799837.156755, "severity": "INFO", "name": "emailservice-server", "message": "A request to send order confirmation email to anahicks@example.org has been received."}
2026-08-15T13:17:20.121504337Z {"timestamp": 1786799840.12087, "severity": "INFO", "name": "emailservice-server", "message": "A request to send order confirmation email to rothjared@example.org has been received."}
2026-08-15T13:17:28.848416036Z {"timestamp": 1786799848.847049, "severity": "INFO", "name": "emailservice-server", "message": "A request to send order confirmation email to brandon38@example.org has been received."}
2026-08-15T13:17:35.446707140Z {"timestamp": 1786799855.4457333, "severity": "INFO", "name": "emailservice-server", "message": "A request to send order confirmation email to scottrobert@example.org has been received."}
2026-08-15T13:17:53.663275449Z {"timestamp": 1786799873.6628556, "severity": "INFO", "name": "emailservice-server", "message": "A request to send order confirmation email to laurenmaldonado@example.net has been received."}
2026-08-15T13:18:08.599614273Z {"timestamp": 1786799888.5984137, "severity": "INFO", "name": "emailservice-server", "message": "A request to send order confirmation email to iingram@example.org has been received."}
2026-08-15T13:18:18.601277375Z {"timestamp": 1786799898.600752, "severity": "INFO", "name": "emailservice-server", "message": "A request to send order confirmation email to bennettwilliam@example.org has been received."}
2026-08-15T13:18:21.449446046Z {"timestamp": 1786799901.4489658, "severity": "INFO", "name": "emailservice-server", "message": "A request to send order confirmation email to kimberlyanderson@example.com has been received."}
2026-08-15T13:18:25.961473104Z {"timestamp": 1786799905.961135, "severity": "INFO", "name": "emailservice-server", "message": "A request to send order confirmation email to churchsherri@example.org has been received."}
2026-08-15T13:18:27.293083394Z {"timestamp": 1786799907.2928226, "severity": "INFO", "name": "emailservice-server", "message": "A request to send order confirmation email to juancobb@example.net has been received."}
2026-08-15T13:18:28.596695774Z {"timestamp": 1786799908.5958693, "severity": "INFO", "name": "emailservice-server", "message": "A request to send order confirmation email to collinsrachel@example.org has been received."}
2026-08-15T13:18:35.736520118Z {"timestamp": 1786799915.736098, "severity": "INFO", "name": "emailservice-server", "message": "A request to send order confirmation email to ovelasquez@example.com has been received."}
2026-08-15T13:18:45.039715553Z {"timestamp": 1786799925.0391088, "severity": "INFO", "name": "emailservice-server", "message": "A request to send order confirmation email to cynthia39@example.com has been received."}
2026-08-15T13:18:47.036226185Z {"timestamp": 1786799927.0354848, "severity": "INFO", "name": "emailservice-server", "message": "A request to send order confirmation email to bhoffman@example.net has been received."}
2026-08-15T13:18:58.625600967Z {"timestamp": 1786799938.625342, "severity": "INFO", "name": "emailservice-server", "message": "A request to send order confirmation email to billy22@example.org has been received."}
2026-08-15T13:19:01.497569502Z {"timestamp": 1786799941.4964616, "severity": "INFO", "name": "emailservice-server", "message": "A request to send order confirmation email to cunninghamdaniel@example.com has been received."}
2026-08-15T13:19:01.984951970Z {"timestamp": 1786799941.9846148, "severity": "INFO", "name": "emailservice-server", "message": "A request to send order confirmation email to ujones@example.org has been received."}
2026-08-15T13:19:02.815610535Z {"timestamp": 1786799942.815303, "severity": "INFO", "name": "emailservice-server", "message": "A request to send order confirmation email to gregoryberry@example.net has been received."}
2026-08-15T13:19:14.933691412Z {"timestamp": 1786799954.9331381, "severity": "INFO", "name": "emailservice-server", "message": "A request to send order confirmation email to tlawrence@example.net has been received."}
