2026-08-15T12:58:11.042323493Z 1:M 15 Aug 2026 12:58:11.042 * 100 changes in 300 seconds. Saving...
2026-08-15T12:58:11.043142776Z 1:M 15 Aug 2026 12:58:11.042 * Background saving started by pid 25
2026-08-15T12:58:11.045803246Z 25:C 15 Aug 2026 12:58:11.045 * BGSAVE done, 714 keys saved, 0 keys skipped, 73865 bytes written.
2026-08-15T12:58:11.052859263Z 25:C 15 Aug 2026 12:58:11.052 * DB saved on disk
2026-08-15T12:58:11.053329711Z 25:C 15 Aug 2026 12:58:11.053 * Fork CoW for RDB: current 0 MB, peak 0 MB, average 0 MB
2026-08-15T12:58:11.143648985Z 1:M 15 Aug 2026 12:58:11.143 * Background saving terminated with success
2026-08-15T13:03:12.032649455Z 1:M 15 Aug 2026 13:03:12.031 * 100 changes in 300 seconds. Saving...
2026-08-15T13:03:12.036070831Z 1:M 15 Aug 2026 13:03:12.035 * Background saving started by pid 26
2026-08-15T13:03:12.117347844Z 26:C 15 Aug 2026 13:03:12.116 * BGSAVE done, 714 keys saved, 0 keys skipped, 73861 bytes written.
2026-08-15T13:03:12.212991856Z 26:C 15 Aug 2026 13:03:12.212 * DB saved on disk
2026-08-15T13:03:12.213804069Z 26:C 15 Aug 2026 13:03:12.213 * Fork CoW for RDB: current 1 MB, peak 1 MB, average 0 MB
2026-08-15T13:03:12.307712940Z 1:M 15 Aug 2026 13:03:12.307 * Background saving terminated with success
2026-08-15T13:08:13.017473510Z 1:M 15 Aug 2026 13:08:13.015 * 100 changes in 300 seconds. Saving...
2026-08-15T13:08:13.022832566Z 1:M 15 Aug 2026 13:08:13.021 * Background saving started by pid 27
2026-08-15T13:08:13.084837296Z 27:C 15 Aug 2026 13:08:13.084 * BGSAVE done, 714 keys saved, 0 keys skipped, 74023 bytes written.
2026-08-15T13:08:13.181037071Z 27:C 15 Aug 2026 13:08:13.180 * DB saved on disk
2026-08-15T13:08:13.181673337Z 27:C 15 Aug 2026 13:08:13.181 * Fork CoW for RDB: current 1 MB, peak 1 MB, average 0 MB
2026-08-15T13:08:13.224067834Z 1:M 15 Aug 2026 13:08:13.223 * Background saving terminated with success
2026-08-15T13:13:14.052236607Z 1:M 15 Aug 2026 13:13:14.051 * 100 changes in 300 seconds. Saving...
2026-08-15T13:13:14.063125698Z 1:M 15 Aug 2026 13:13:14.062 * Background saving started by pid 28
2026-08-15T13:13:14.144327766Z 28:C 15 Aug 2026 13:13:14.143 * BGSAVE done, 714 keys saved, 0 keys skipped, 74012 bytes written.
2026-08-15T13:13:14.160738322Z 28:C 15 Aug 2026 13:13:14.160 * DB saved on disk
2026-08-15T13:13:14.162731715Z 28:C 15 Aug 2026 13:13:14.162 * Fork CoW for RDB: current 0 MB, peak 0 MB, average 0 MB
2026-08-15T13:13:14.164445338Z 1:M 15 Aug 2026 13:13:14.163 * Background saving terminated with success
2026-08-15T13:18:15.092954327Z 1:M 15 Aug 2026 13:18:15.092 * 100 changes in 300 seconds. Saving...
2026-08-15T13:18:15.094681797Z 1:M 15 Aug 2026 13:18:15.093 * Background saving started by pid 29
2026-08-15T13:18:15.104349609Z 29:C 15 Aug 2026 13:18:15.103 * BGSAVE done, 714 keys saved, 0 keys skipped, 74034 bytes written.
2026-08-15T13:18:15.205394411Z 29:C 15 Aug 2026 13:18:15.204 * DB saved on disk
2026-08-15T13:18:15.207530645Z 29:C 15 Aug 2026 13:18:15.206 * Fork CoW for RDB: current 1 MB, peak 1 MB, average 0 MB
2026-08-15T13:18:15.299391910Z 1:M 15 Aug 2026 13:18:15.298 * Background saving terminated with success
