2026-08-21T07:34:12.472656068Z Failed to parse peer address ''
2026-08-21T07:34:25.841284814Z {"timestamp": 1787297665.840069, "severity": "INFO", "name": "emailservice-server", "message": "A request to send order confirmation email to zbeck@example.net has been received."}
2026-08-21T07:34:26.136338284Z {"timestamp": 1787297666.117086, "severity": "INFO", "name": "emailservice-server", "message": "A request to send order confirmation email to jmills@example.net has been received."}
2026-08-21T07:34:29.600360956Z {"timestamp": 1787297669.5996149, "severity": "INFO", "name": "emailservice-server", "message": "A request to send order confirmation email to hayesjoshua@example.com has been received."}
2026-08-21T07:34:35.449176799Z {"timestamp": 1787297675.446337, "severity": "INFO", "name": "emailservice-server", "message": "A request to send order confirmation email to caintiffany@example.net has been received."}
2026-08-21T07:34:51.071079374Z {"timestamp": 1787297691.0700064, "severity": "INFO", "name": "emailservice-server", "message": "A request to send order confirmation email to vharris@example.net has been received."}
2026-08-21T07:34:58.589834153Z {"timestamp": 1787297698.5894184, "severity": "INFO", "name": "emailservice-server", "message": "A request to send order confirmation email to williamwillis@example.net has been received."}
2026-08-21T07:35:01.157604031Z {"timestamp": 1787297701.156902, "severity": "INFO", "name": "emailservice-server", "message": "A request to send order confirmation email to micheal29@example.com has been received."}
2026-08-21T07:35:04.383485672Z {"timestamp": 1787297704.3816855, "severity": "INFO", "name": "emailservice-server", "message": "A request to send order confirmation email to preed@example.org has been received."}
2026-08-21T07:35:05.894409416Z {"timestamp": 1787297705.8939574, "severity": "INFO", "name": "emailservice-server", "message": "A request to send order confirmation email to zschultz@example.net has been received."}
2026-08-21T07:35:08.326704389Z {"timestamp": 1787297708.326298, "severity": "INFO", "name": "emailservice-server", "message": "A request to send order confirmation email to patelchelsea@example.org has been received."}
2026-08-21T07:35:13.278209941Z {"timestamp": 1787297713.2778585, "severity": "INFO", "name": "emailservice-server", "message": "A request to send order confirmation email to jeffrey80@example.net has been received."}
2026-08-21T07:35:14.953770212Z {"timestamp": 1787297714.9528892, "severity": "INFO", "name": "emailservice-server", "message": "A request to send order confirmation email to rachel29@example.org has been received."}
2026-08-21T07:35:16.911567399Z {"timestamp": 1787297716.9103057, "severity": "INFO", "name": "emailservice-server", "message": "A request to send order confirmation email to oturner@example.net has been received."}
2026-08-21T07:35:18.278099185Z {"timestamp": 1787297718.2776423, "severity": "INFO", "name": "emailservice-server", "message": "A request to send order confirmation email to charlesriley@example.net has been received."}
2026-08-21T07:35:19.424938637Z {"timestamp": 1787297719.4242795, "severity": "INFO", "name": "emailservice-server", "message": "A request to send order confirmation email to dobrien@example.org has been received."}
2026-08-21T07:35:34.818958780Z {"timestamp": 1787297734.8179832, "severity": "INFO", "name": "emailservice-server", "message": "A request to send order confirmation email to briannunez@example.net has been received."}
2026-08-21T07:35:35.410139656Z {"timestamp": 1787297735.4096234, "severity": "INFO", "name": "emailservice-server", "message": "A request to send order confirmation email to mary20@example.com has been received."}
2026-08-21T07:36:19.695180226Z {"timestamp": 1787297779.6943321, "severity": "INFO", "name": "emailservice-server", "message": "A request to send order confirmation email to ronaldbauer@example.net has been received."}
2026-08-21T07:36:25.616867461Z {"timestamp": 1787297785.615259, "severity": "INFO", "name": "emailservice-server", "message": "A request to send order confirmation email to kaylee78@example.com has been received."}
2026-08-21T07:36:31.519196543Z {"timestamp": 1787297791.5187278, "severity": "INFO", "name": "emailservice-server", "message": "A request to send order confirmation email to jeremy19@example.net has been received."}
2026-08-21T07:36:33.291567755Z {"timestamp": 1787297793.2910182, "severity": "INFO", "name": "emailservice-server", "message": "A request to send order confirmation email to james65@example.net has been received."}
2026-08-21T07:36:37.264080037Z {"timestamp": 1787297797.2628632, "severity": "INFO", "name": "emailservice-server", "message": "A request to send order confirmation email to juliegordon@example.com has been received."}
2026-08-21T07:36:53.329208020Z {"timestamp": 1787297813.3287923, "severity": "INFO", "name": "emailservice-server", "message": "A request to send order confirmation email to troy22@example.net has been received."}
2026-08-21T07:37:04.657420323Z {"timestamp": 1787297824.6562533, "severity": "INFO", "name": "emailservice-server", "message": "A request to send order confirmation email to nwilliams@example.org has been received."}
2026-08-21T07:37:07.876489288Z {"timestamp": 1787297827.8753943, "severity": "INFO", "name": "emailservice-server", "message": "A request to send order confirmation email to cameron95@example.com has been received."}
2026-08-21T07:37:08.376434380Z {"timestamp": 1787297828.3754647, "severity": "INFO", "name": "emailservice-server", "message": "A request to send order confirmation email to powellmichelle@example.com has been received."}
2026-08-21T07:37:11.111515478Z {"timestamp": 1787297831.1096523, "severity": "INFO", "name": "emailservice-server", "message": "A request to send order confirmation email to matthew48@example.org has been received."}
2026-08-21T07:37:17.256004647Z {"timestamp": 1787297837.2530189, "severity": "INFO", "name": "emailservice-server", "message": "A request to send order confirmation email to jarvisantonio@example.com has been received."}
2026-08-21T07:37:56.084580272Z {"timestamp": 1787297876.0837586, "severity": "INFO", "name": "emailservice-server", "message": "A request to send order confirmation email to hopkinsbecky@example.net has been received."}
2026-08-21T07:37:57.701055682Z {"timestamp": 1787297877.7006803, "severity": "INFO", "name": "emailservice-server", "message": "A request to send order confirmation email to caseystephen@example.com has been received."}
2026-08-21T07:37:59.479469936Z {"timestamp": 1787297879.4788032, "severity": "INFO", "name": "emailservice-server", "message": "A request to send order confirmation email to david12@example.net has been received."}
2026-08-21T07:38:06.940415936Z {"timestamp": 1787297886.9398582, "severity": "INFO", "name": "emailservice-server", "message": "A request to send order confirmation email to sean22@example.org has been received."}
2026-08-21T07:38:18.099854611Z {"timestamp": 1787297898.0982792, "severity": "INFO", "name": "emailservice-server", "message": "A request to send order confirmation email to goodcarlos@example.org has been received."}
2026-08-21T07:38:21.524444771Z {"timestamp": 1787297901.5232923, "severity": "INFO", "name": "emailservice-server", "message": "A request to send order confirmation email to williamdavis@example.org has been received."}
2026-08-21T07:38:30.697733652Z {"timestamp": 1787297910.6973028, "severity": "INFO", "name": "emailservice-server", "message": "A request to send order confirmation email to upitts@example.org has been received."}
2026-08-21T07:38:34.825590614Z {"timestamp": 1787297914.8247669, "severity": "INFO", "name": "emailservice-server", "message": "A request to send order confirmation email to david24@example.net has been received."}
2026-08-21T07:38:40.362971704Z {"timestamp": 1787297920.3626091, "severity": "INFO", "name": "emailservice-server", "message": "A request to send order confirmation email to gallowayjessica@example.org has been received."}
2026-08-21T07:38:42.087580494Z {"timestamp": 1787297922.085188, "severity": "INFO", "name": "emailservice-server", "message": "A request to send order confirmation email to donald31@example.com has been received."}
2026-08-21T07:38:42.434921413Z {"timestamp": 1787297922.4345374, "severity": "INFO", "name": "emailservice-server", "message": "A request to send order confirmation email to robinsonpamela@example.net has been received."}
2026-08-21T07:38:53.064815320Z {"timestamp": 1787297933.0637717, "severity": "INFO", "name": "emailservice-server", "message": "A request to send order confirmation email to stapia@example.org has been received."}
2026-08-21T07:39:00.154218291Z {"timestamp": 1787297940.1537294, "severity": "INFO", "name": "emailservice-server", "message": "A request to send order confirmation email to shudson@example.com has been received."}
2026-08-21T07:39:04.237686316Z {"timestamp": 1787297944.2365007, "severity": "INFO", "name": "emailservice-server", "message": "A request to send order confirmation email to tara29@example.com has been received."}
2026-08-21T07:39:09.859824039Z {"timestamp": 1787297949.859454, "severity": "INFO", "name": "emailservice-server", "message": "A request to send order confirmation email to justinmoore@example.org has been received."}
2026-08-21T07:39:15.308943570Z {"timestamp": 1787297955.308292, "severity": "INFO", "name": "emailservice-server", "message": "A request to send order confirmation email to henry08@example.org has been received."}
2026-08-21T07:39:33.602997753Z {"timestamp": 1787297973.6024418, "severity": "INFO", "name": "emailservice-server", "message": "A request to send order confirmation email to teresa93@example.org has been received."}
2026-08-21T07:39:48.748101476Z {"timestamp": 1787297988.7478065, "severity": "INFO", "name": "emailservice-server", "message": "A request to send order confirmation email to medinaamanda@example.com has been received."}
2026-08-21T07:39:49.145881431Z {"timestamp": 1787297989.1454535, "severity": "INFO", "name": "emailservice-server", "message": "A request to send order confirmation email to rebecca56@example.net has been received."}
2026-08-21T07:40:07.079906322Z {"timestamp": 1787298007.079218, "severity": "INFO", "name": "emailservice-server", "message": "A request to send order confirmation email to sheri33@example.org has been received."}
2026-08-21T07:40:40.737474474Z {"timestamp": 1787298040.7369728, "severity": "INFO", "name": "emailservice-server", "message": "A request to send order confirmation email to jcunningham@example.org has been received."}
2026-08-21T07:40:46.540632824Z {"timestamp": 1787298046.5392919, "severity": "INFO", "name": "emailservice-server", "message": "A request to send order confirmation email to sarah66@example.com has been received."}
2026-08-21T07:40:52.660276054Z {"timestamp": 1787298052.659927, "severity": "INFO", "name": "emailservice-server", "message": "A request to send order confirmation email to baileymaureen@example.org has been received."}
2026-08-21T07:41:01.046910523Z {"timestamp": 1787298061.0465324, "severity": "INFO", "name": "emailservice-server", "message": "A request to send order confirmation email to samuel13@example.net has been received."}
2026-08-21T07:41:19.615177169Z {"timestamp": 1787298079.6147072, "severity": "INFO", "name": "emailservice-server", "message": "A request to send order confirmation email to juliekim@example.com has been received."}
2026-08-21T07:41:24.092896833Z {"timestamp": 1787298084.0916996, "severity": "INFO", "name": "emailservice-server", "message": "A request to send order confirmation email to amber20@example.net has been received."}
2026-08-21T07:41:35.929106278Z {"timestamp": 1787298095.9286764, "severity": "INFO", "name": "emailservice-server", "message": "A request to send order confirmation email to karen32@example.net has been received."}
2026-08-21T07:41:47.325663966Z {"timestamp": 1787298107.3249867, "severity": "INFO", "name": "emailservice-server", "message": "A request to send order confirmation email to veronicamccormick@example.org has been received."}
2026-08-21T07:42:02.635580123Z {"timestamp": 1787298122.6351972, "severity": "INFO", "name": "emailservice-server", "message": "A request to send order confirmation email to vharris@example.org has been received."}
2026-08-21T07:42:14.600299091Z {"timestamp": 1787298134.598957, "severity": "INFO", "name": "emailservice-server", "message": "A request to send order confirmation email to xbaker@example.org has been received."}
2026-08-21T07:42:19.337827288Z {"timestamp": 1787298139.337077, "severity": "INFO", "name": "emailservice-server", "message": "A request to send order confirmation email to carterbenjamin@example.org has been received."}
2026-08-21T07:42:27.138832754Z {"timestamp": 1787298147.1380422, "severity": "INFO", "name": "emailservice-server", "message": "A request to send order confirmation email to qking@example.org has been received."}
2026-08-21T07:42:27.367460191Z {"timestamp": 1787298147.366629, "severity": "INFO", "name": "emailservice-server", "message": "A request to send order confirmation email to jespinoza@example.com has been received."}
2026-08-21T07:42:29.800881762Z {"timestamp": 1787298149.8000262, "severity": "INFO", "name": "emailservice-server", "message": "A request to send order confirmation email to emilyrodriguez@example.org has been received."}
2026-08-21T07:42:37.510224352Z {"timestamp": 1787298157.5093732, "severity": "INFO", "name": "emailservice-server", "message": "A request to send order confirmation email to michael86@example.com has been received."}
2026-08-21T07:42:38.208864214Z {"timestamp": 1787298158.2085063, "severity": "INFO", "name": "emailservice-server", "message": "A request to send order confirmation email to jamesmccarthy@example.com has been received."}
2026-08-21T07:43:00.579317823Z {"timestamp": 1787298180.578622, "severity": "INFO", "name": "emailservice-server", "message": "A request to send order confirmation email to martinezwilliam@example.com has been received."}
2026-08-21T07:43:02.614687371Z {"timestamp": 1787298182.6142762, "severity": "INFO", "name": "emailservice-server", "message": "A request to send order confirmation email to david26@example.net has been received."}
2026-08-21T07:43:47.563240198Z {"timestamp": 1787298227.5622294, "severity": "INFO", "name": "emailservice-server", "message": "A request to send order confirmation email to benjamin42@example.net has been received."}
2026-08-21T07:43:52.364678148Z {"timestamp": 1787298232.3638346, "severity": "INFO", "name": "emailservice-server", "message": "A request to send order confirmation email to clopez@example.net has been received."}
2026-08-21T07:43:56.114323629Z {"timestamp": 1787298236.11398, "severity": "INFO", "name": "emailservice-server", "message": "A request to send order confirmation email to josephphelps@example.org has been received."}
2026-08-21T07:44:02.197761997Z {"timestamp": 1787298242.1972735, "severity": "INFO", "name": "emailservice-server", "message": "A request to send order confirmation email to oroberts@example.net has been received."}
2026-08-21T07:44:08.060747275Z {"timestamp": 1787298248.0602884, "severity": "INFO", "name": "emailservice-server", "message": "A request to send order confirmation email to wsimmons@example.net has been received."}
2026-08-21T07:44:14.386973257Z {"timestamp": 1787298254.3853185, "severity": "INFO", "name": "emailservice-server", "message": "A request to send order confirmation email to jennifermorales@example.net has been received."}
2026-08-21T07:44:21.911871513Z {"timestamp": 1787298261.9113033, "severity": "INFO", "name": "emailservice-server", "message": "A request to send order confirmation email to mathewsvirginia@example.org has been received."}
2026-08-21T07:44:28.141075421Z {"timestamp": 1787298268.1407192, "severity": "INFO", "name": "emailservice-server", "message": "A request to send order confirmation email to jlong@example.net has been received."}
2026-08-21T07:44:42.411602316Z {"timestamp": 1787298282.411236, "severity": "INFO", "name": "emailservice-server", "message": "A request to send order confirmation email to rodriguezsarah@example.net has been received."}
2026-08-21T07:44:52.038460927Z {"timestamp": 1787298292.0380588, "severity": "INFO", "name": "emailservice-server", "message": "A request to send order confirmation email to huberlindsey@example.com has been received."}
2026-08-21T07:44:55.256697297Z {"timestamp": 1787298295.256207, "severity": "INFO", "name": "emailservice-server", "message": "A request to send order confirmation email to markoliver@example.net has been received."}
2026-08-21T07:44:56.155842144Z {"timestamp": 1787298296.1550546, "severity": "INFO", "name": "emailservice-server", "message": "A request to send order confirmation email to ronaldwebb@example.net has been received."}
2026-08-21T07:45:25.228653376Z {"timestamp": 1787298325.2282732, "severity": "INFO", "name": "emailservice-server", "message": "A request to send order confirmation email to swatts@example.com has been received."}
2026-08-21T07:45:28.534455291Z {"timestamp": 1787298328.5339248, "severity": "INFO", "name": "emailservice-server", "message": "A request to send order confirmation email to bcharles@example.com has been received."}
2026-08-21T07:45:33.870206821Z {"timestamp": 1787298333.869901, "severity": "INFO", "name": "emailservice-server", "message": "A request to send order confirmation email to april38@example.org has been received."}
2026-08-21T07:45:50.578768544Z {"timestamp": 1787298350.5775373, "severity": "INFO", "name": "emailservice-server", "message": "A request to send order confirmation email to bethanycraig@example.com has been received."}
2026-08-21T07:45:53.967408378Z {"timestamp": 1787298353.9668589, "severity": "INFO", "name": "emailservice-server", "message": "A request to send order confirmation email to bradleykenneth@example.net has been received."}
2026-08-21T07:45:55.476573773Z {"timestamp": 1787298355.475563, "severity": "INFO", "name": "emailservice-server", "message": "A request to send order confirmation email to lori34@example.net has been received."}
2026-08-21T07:45:57.990871944Z {"timestamp": 1787298357.9905403, "severity": "INFO", "name": "emailservice-server", "message": "A request to send order confirmation email to richard59@example.org has been received."}
2026-08-21T07:45:59.552017793Z {"timestamp": 1787298359.5510778, "severity": "INFO", "name": "emailservice-server", "message": "A request to send order confirmation email to janicesloan@example.net has been received."}
2026-08-21T07:46:08.357540889Z {"timestamp": 1787298368.3570623, "severity": "INFO", "name": "emailservice-server", "message": "A request to send order confirmation email to smithjustin@example.org has been received."}
2026-08-21T07:46:26.741708968Z {"timestamp": 1787298386.7413952, "severity": "INFO", "name": "emailservice-server", "message": "A request to send order confirmation email to amyburch@example.net has been received."}
2026-08-21T07:46:37.086276935Z {"timestamp": 1787298397.0858386, "severity": "INFO", "name": "emailservice-server", "message": "A request to send order confirmation email to eharris@example.net has been received."}
2026-08-21T07:46:40.778428798Z {"timestamp": 1787298400.7781105, "severity": "INFO", "name": "emailservice-server", "message": "A request to send order confirmation email to bvalentine@example.net has been received."}
2026-08-21T07:46:50.482593189Z {"timestamp": 1787298410.4820867, "severity": "INFO", "name": "emailservice-server", "message": "A request to send order confirmation email to morenojeffrey@example.com has been received."}
2026-08-21T07:47:21.280837928Z {"timestamp": 1787298441.2805362, "severity": "INFO", "name": "emailservice-server", "message": "A request to send order confirmation email to moodyjennifer@example.org has been received."}
2026-08-21T07:47:25.378407693Z {"timestamp": 1787298445.3776019, "severity": "INFO", "name": "emailservice-server", "message": "A request to send order confirmation email to tnguyen@example.org has been received."}
2026-08-21T07:47:28.428452952Z {"timestamp": 1787298448.4281607, "severity": "INFO", "name": "emailservice-server", "message": "A request to send order confirmation email to angelapitts@example.org has been received."}
2026-08-21T07:47:30.615261045Z {"timestamp": 1787298450.6146386, "severity": "INFO", "name": "emailservice-server", "message": "A request to send order confirmation email to nicole24@example.org has been received."}
2026-08-21T07:47:35.685264401Z {"timestamp": 1787298455.6848717, "severity": "INFO", "name": "emailservice-server", "message": "A request to send order confirmation email to reynoldsmichael@example.org has been received."}
2026-08-21T07:47:47.450365958Z {"timestamp": 1787298467.4495485, "severity": "INFO", "name": "emailservice-server", "message": "A request to send order confirmation email to heather75@example.org has been received."}
2026-08-21T07:47:56.290619909Z {"timestamp": 1787298476.2901566, "severity": "INFO", "name": "emailservice-server", "message": "A request to send order confirmation email to sanderson@example.net has been received."}
2026-08-21T07:48:03.586365636Z {"timestamp": 1787298483.5858858, "severity": "INFO", "name": "emailservice-server", "message": "A request to send order confirmation email to jerome52@example.org has been received."}
2026-08-21T07:48:26.921969245Z {"timestamp": 1787298506.9215088, "severity": "INFO", "name": "emailservice-server", "message": "A request to send order confirmation email to justin77@example.net has been received."}
2026-08-21T07:48:53.266987368Z {"timestamp": 1787298533.266707, "severity": "INFO", "name": "emailservice-server", "message": "A request to send order confirmation email to watkinsheather@example.org has been received."}
2026-08-21T07:49:00.127860348Z {"timestamp": 1787298540.1273677, "severity": "INFO", "name": "emailservice-server", "message": "A request to send order confirmation email to rewing@example.net has been received."}
2026-08-21T07:49:03.149723596Z {"timestamp": 1787298543.1494508, "severity": "INFO", "name": "emailservice-server", "message": "A request to send order confirmation email to charlesmartin@example.net has been received."}
2026-08-21T07:49:03.591083813Z {"timestamp": 1787298543.590291, "severity": "INFO", "name": "emailservice-server", "message": "A request to send order confirmation email to josephcurry@example.org has been received."}
2026-08-21T07:49:03.742630488Z {"timestamp": 1787298543.74218, "severity": "INFO", "name": "emailservice-server", "message": "A request to send order confirmation email to wdelacruz@example.net has been received."}
2026-08-21T07:49:13.604315926Z {"timestamp": 1787298553.6039264, "severity": "INFO", "name": "emailservice-server", "message": "A request to send order confirmation email to carriemoore@example.org has been received."}
2026-08-21T07:49:35.886663359Z {"timestamp": 1787298575.885998, "severity": "INFO", "name": "emailservice-server", "message": "A request to send order confirmation email to pstephens@example.net has been received."}
2026-08-21T07:49:40.416571621Z {"timestamp": 1787298580.4161448, "severity": "INFO", "name": "emailservice-server", "message": "A request to send order confirmation email to wadelisa@example.org has been received."}
2026-08-21T07:50:04.000900124Z {"timestamp": 1787298604.0004456, "severity": "INFO", "name": "emailservice-server", "message": "A request to send order confirmation email to shaunwilliams@example.org has been received."}
2026-08-21T07:50:12.198033584Z {"timestamp": 1787298612.1975784, "severity": "INFO", "name": "emailservice-server", "message": "A request to send order confirmation email to millerjesse@example.com has been received."}
2026-08-21T07:50:20.663840674Z {"timestamp": 1787298620.6632795, "severity": "INFO", "name": "emailservice-server", "message": "A request to send order confirmation email to ryanvillanueva@example.org has been received."}
2026-08-21T07:50:27.156197333Z {"timestamp": 1787298627.1556687, "severity": "INFO", "name": "emailservice-server", "message": "A request to send order confirmation email to donna53@example.org has been received."}
2026-08-21T07:50:29.051577917Z {"timestamp": 1787298629.0505435, "severity": "INFO", "name": "emailservice-server", "message": "A request to send order confirmation email to veronica10@example.net has been received."}
2026-08-21T07:50:40.074871627Z {"timestamp": 1787298640.0743682, "severity": "INFO", "name": "emailservice-server", "message": "A request to send order confirmation email to james19@example.org has been received."}
2026-08-21T07:50:43.983231869Z {"timestamp": 1787298643.9826736, "severity": "INFO", "name": "emailservice-server", "message": "A request to send order confirmation email to daltoncarolyn@example.com has been received."}
2026-08-21T07:50:51.561701907Z {"timestamp": 1787298651.5611339, "severity": "INFO", "name": "emailservice-server", "message": "A request to send order confirmation email to stephensontiffany@example.net has been received."}
2026-08-21T07:50:53.704718980Z {"timestamp": 1787298653.7040648, "severity": "INFO", "name": "emailservice-server", "message": "A request to send order confirmation email to icooper@example.com has been received."}
2026-08-21T07:50:59.745289843Z {"timestamp": 1787298659.7445874, "severity": "INFO", "name": "emailservice-server", "message": "A request to send order confirmation email to umoreno@example.org has been received."}
2026-08-21T07:51:00.143719998Z {"timestamp": 1787298660.1433501, "severity": "INFO", "name": "emailservice-server", "message": "A request to send order confirmation email to richard43@example.com has been received."}
2026-08-21T07:51:02.564719390Z {"timestamp": 1787298662.5642803, "severity": "INFO", "name": "emailservice-server", "message": "A request to send order confirmation email to leeharris@example.org has been received."}
2026-08-21T07:51:05.944106953Z {"timestamp": 1787298665.9437077, "severity": "INFO", "name": "emailservice-server", "message": "A request to send order confirmation email to fstephens@example.net has been received."}
2026-08-21T07:51:06.895008038Z {"timestamp": 1787298666.8944438, "severity": "INFO", "name": "emailservice-server", "message": "A request to send order confirmation email to isanders@example.net has been received."}
2026-08-21T07:51:17.594897269Z {"timestamp": 1787298677.5942957, "severity": "INFO", "name": "emailservice-server", "message": "A request to send order confirmation email to brennanrandall@example.org has been received."}
2026-08-21T07:51:21.180332136Z {"timestamp": 1787298681.1799417, "severity": "INFO", "name": "emailservice-server", "message": "A request to send order confirmation email to christine08@example.com has been received."}
2026-08-21T07:51:22.679274380Z {"timestamp": 1787298682.678929, "severity": "INFO", "name": "emailservice-server", "message": "A request to send order confirmation email to dakotabell@example.net has been received."}
2026-08-21T07:51:22.832080447Z {"timestamp": 1787298682.831744, "severity": "INFO", "name": "emailservice-server", "message": "A request to send order confirmation email to jameswhite@example.org has been received."}
2026-08-21T07:51:37.597266151Z {"timestamp": 1787298697.5963798, "severity": "INFO", "name": "emailservice-server", "message": "A request to send order confirmation email to alexandrasloan@example.org has been received."}
2026-08-21T07:51:39.196587761Z {"timestamp": 1787298699.1961687, "severity": "INFO", "name": "emailservice-server", "message": "A request to send order confirmation email to sharon24@example.net has been received."}
2026-08-21T07:51:47.833430902Z {"timestamp": 1787298707.833069, "severity": "INFO", "name": "emailservice-server", "message": "A request to send order confirmation email to wrightcody@example.org has been received."}
2026-08-21T07:51:55.938618355Z {"timestamp": 1787298715.9380627, "severity": "INFO", "name": "emailservice-server", "message": "A request to send order confirmation email to wumichael@example.com has been received."}
2026-08-21T07:52:01.633389806Z {"timestamp": 1787298721.632376, "severity": "INFO", "name": "emailservice-server", "message": "A request to send order confirmation email to kaufmanjeffrey@example.com has been received."}
2026-08-21T07:52:03.848266078Z {"timestamp": 1787298723.8476686, "severity": "INFO", "name": "emailservice-server", "message": "A request to send order confirmation email to andrew68@example.com has been received."}
2026-08-21T07:52:22.115081953Z {"timestamp": 1787298742.114615, "severity": "INFO", "name": "emailservice-server", "message": "A request to send order confirmation email to jacob13@example.com has been received."}
2026-08-21T07:52:49.085671377Z {"timestamp": 1787298769.0848963, "severity": "INFO", "name": "emailservice-server", "message": "A request to send order confirmation email to muellerallison@example.com has been received."}
2026-08-21T07:52:52.993097399Z {"timestamp": 1787298772.9927526, "severity": "INFO", "name": "emailservice-server", "message": "A request to send order confirmation email to stephen01@example.net has been received."}
2026-08-21T07:52:58.302465250Z {"timestamp": 1787298778.302163, "severity": "INFO", "name": "emailservice-server", "message": "A request to send order confirmation email to alexanderchristopher@example.com has been received."}
2026-08-21T07:53:00.884692919Z {"timestamp": 1787298780.8840046, "severity": "INFO", "name": "emailservice-server", "message": "A request to send order confirmation email to nparker@example.com has been received."}
2026-08-21T07:53:05.607835624Z {"timestamp": 1787298785.607536, "severity": "INFO", "name": "emailservice-server", "message": "A request to send order confirmation email to crawfordeileen@example.com has been received."}
2026-08-21T07:53:07.626543615Z {"timestamp": 1787298787.625862, "severity": "INFO", "name": "emailservice-server", "message": "A request to send order confirmation email to anahicks@example.org has been received."}
2026-08-21T07:53:11.609316584Z {"timestamp": 1787298791.6089733, "severity": "INFO", "name": "emailservice-server", "message": "A request to send order confirmation email to rothjared@example.org has been received."}
2026-08-21T07:53:12.965827258Z {"timestamp": 1787298792.9646876, "severity": "INFO", "name": "emailservice-server", "message": "A request to send order confirmation email to brandon38@example.org has been received."}
2026-08-21T07:53:13.741669677Z {"timestamp": 1787298793.7411153, "severity": "INFO", "name": "emailservice-server", "message": "A request to send order confirmation email to scottrobert@example.org has been received."}
2026-08-21T07:53:17.411301930Z {"timestamp": 1787298797.41044, "severity": "INFO", "name": "emailservice-server", "message": "A request to send order confirmation email to laurenmaldonado@example.net has been received."}
2026-08-21T07:53:25.580778512Z {"timestamp": 1787298805.5800512, "severity": "INFO", "name": "emailservice-server", "message": "A request to send order confirmation email to iingram@example.org has been received."}
2026-08-21T07:53:33.340951096Z {"timestamp": 1787298813.3406181, "severity": "INFO", "name": "emailservice-server", "message": "A request to send order confirmation email to bennettwilliam@example.org has been received."}
2026-08-21T07:53:42.955151868Z {"timestamp": 1787298822.9548287, "severity": "INFO", "name": "emailservice-server", "message": "A request to send order confirmation email to kimberlyanderson@example.com has been received."}
2026-08-21T07:53:43.373040955Z {"timestamp": 1787298823.3724067, "severity": "INFO", "name": "emailservice-server", "message": "A request to send order confirmation email to churchsherri@example.org has been received."}
2026-08-21T07:53:46.167148208Z {"timestamp": 1787298826.166496, "severity": "INFO", "name": "emailservice-server", "message": "A request to send order confirmation email to juancobb@example.net has been received."}
2026-08-21T07:53:47.126547492Z {"timestamp": 1787298827.1259675, "severity": "INFO", "name": "emailservice-server", "message": "A request to send order confirmation email to collinsrachel@example.org has been received."}
2026-08-21T07:54:00.764011724Z {"timestamp": 1787298840.7633471, "severity": "INFO", "name": "emailservice-server", "message": "A request to send order confirmation email to ovelasquez@example.com has been received."}
2026-08-21T07:54:22.503590492Z {"timestamp": 1787298862.5029376, "severity": "INFO", "name": "emailservice-server", "message": "A request to send order confirmation email to cynthia39@example.com has been received."}
2026-08-21T07:54:25.930261226Z {"timestamp": 1787298865.929521, "severity": "INFO", "name": "emailservice-server", "message": "A request to send order confirmation email to bhoffman@example.net has been received."}
2026-08-21T07:54:26.191013327Z {"timestamp": 1787298866.1904263, "severity": "INFO", "name": "emailservice-server", "message": "A request to send order confirmation email to billy22@example.org has been received."}
2026-08-21T07:54:34.211912383Z {"timestamp": 1787298874.2116168, "severity": "INFO", "name": "emailservice-server", "message": "A request to send order confirmation email to cunninghamdaniel@example.com has been received."}
2026-08-21T07:54:45.916516178Z {"timestamp": 1787298885.9157164, "severity": "INFO", "name": "emailservice-server", "message": "A request to send order confirmation email to ujones@example.org has been received."}
2026-08-21T07:54:49.411086380Z {"timestamp": 1787298889.4104393, "severity": "INFO", "name": "emailservice-server", "message": "A request to send order confirmation email to gregoryberry@example.net has been received."}
2026-08-21T07:54:49.976806374Z {"timestamp": 1787298889.976188, "severity": "INFO", "name": "emailservice-server", "message": "A request to send order confirmation email to tlawrence@example.net has been received."}
2026-08-21T07:55:00.363024259Z {"timestamp": 1787298900.3627117, "severity": "INFO", "name": "emailservice-server", "message": "A request to send order confirmation email to steven18@example.net has been received."}
2026-08-21T07:55:03.050104997Z {"timestamp": 1787298903.04982, "severity": "INFO", "name": "emailservice-server", "message": "A request to send order confirmation email to ricetimothy@example.net has been received."}
2026-08-21T07:55:20.919228243Z {"timestamp": 1787298920.9184582, "severity": "INFO", "name": "emailservice-server", "message": "A request to send order confirmation email to waltercole@example.com has been received."}
2026-08-21T07:55:40.639406224Z {"timestamp": 1787298940.6389158, "severity": "INFO", "name": "emailservice-server", "message": "A request to send order confirmation email to danielingram@example.net has been received."}
2026-08-21T07:55:42.006041326Z {"timestamp": 1787298942.0048463, "severity": "INFO", "name": "emailservice-server", "message": "A request to send order confirmation email to kelly71@example.org has been received."}
2026-08-21T07:56:05.186248161Z {"timestamp": 1787298965.185819, "severity": "INFO", "name": "emailservice-server", "message": "A request to send order confirmation email to andrearangel@example.com has been received."}
