2026-08-21T07:34:56.049600817Z 1:M 21 Aug 2026 07:34:56.048 * 100 changes in 300 seconds. Saving...
2026-08-21T07:34:56.053975078Z 1:M 21 Aug 2026 07:34:56.052 * Background saving started by pid 25
2026-08-21T07:34:56.125140337Z 25:C 21 Aug 2026 07:34:56.124 * BGSAVE done, 952 keys saved, 0 keys skipped, 98306 bytes written.
2026-08-21T07:34:56.215917261Z 25:C 21 Aug 2026 07:34:56.214 * DB saved on disk
2026-08-21T07:34:56.218639172Z 25:C 21 Aug 2026 07:34:56.217 * Fork CoW for RDB: current 1 MB, peak 1 MB, average 0 MB
2026-08-21T07:34:56.257792892Z 1:M 21 Aug 2026 07:34:56.256 * Background saving terminated with success
2026-08-21T07:39:57.064130575Z 1:M 21 Aug 2026 07:39:57.063 * 100 changes in 300 seconds. Saving...
2026-08-21T07:39:57.067199179Z 1:M 21 Aug 2026 07:39:57.066 * Background saving started by pid 26
2026-08-21T07:39:57.167863906Z 26:C 21 Aug 2026 07:39:57.167 * BGSAVE done, 952 keys saved, 0 keys skipped, 98383 bytes written.
2026-08-21T07:39:57.183178620Z 26:C 21 Aug 2026 07:39:57.182 * DB saved on disk
2026-08-21T07:39:57.183995454Z 26:C 21 Aug 2026 07:39:57.183 * Fork CoW for RDB: current 1 MB, peak 1 MB, average 0 MB
2026-08-21T07:39:57.269410378Z 1:M 21 Aug 2026 07:39:57.269 * Background saving terminated with success
2026-08-21T07:44:58.088146272Z 1:M 21 Aug 2026 07:44:58.087 * 100 changes in 300 seconds. Saving...
2026-08-21T07:44:58.088897187Z 1:M 21 Aug 2026 07:44:58.088 * Background saving started by pid 27
2026-08-21T07:44:58.092267906Z 27:C 21 Aug 2026 07:44:58.091 * BGSAVE done, 952 keys saved, 0 keys skipped, 98172 bytes written.
2026-08-21T07:44:58.096321231Z 27:C 21 Aug 2026 07:44:58.096 * DB saved on disk
2026-08-21T07:44:58.096702889Z 27:C 21 Aug 2026 07:44:58.096 * Fork CoW for RDB: current 0 MB, peak 0 MB, average 0 MB
2026-08-21T07:44:58.195715435Z 1:M 21 Aug 2026 07:44:58.192 * Background saving terminated with success
2026-08-21T07:49:59.078052951Z 1:M 21 Aug 2026 07:49:59.077 * 100 changes in 300 seconds. Saving...
2026-08-21T07:49:59.080321488Z 1:M 21 Aug 2026 07:49:59.079 * Background saving started by pid 28
2026-08-21T07:49:59.088924666Z 28:C 21 Aug 2026 07:49:59.088 * BGSAVE done, 952 keys saved, 0 keys skipped, 98525 bytes written.
2026-08-21T07:49:59.102347261Z 28:C 21 Aug 2026 07:49:59.101 * DB saved on disk
2026-08-21T07:49:59.171054868Z 28:C 21 Aug 2026 07:49:59.170 * Fork CoW for RDB: current 0 MB, peak 0 MB, average 0 MB
2026-08-21T07:49:59.181090259Z 1:M 21 Aug 2026 07:49:59.180 * Background saving terminated with success
2026-08-21T07:55:00.072474333Z 1:M 21 Aug 2026 07:55:00.072 * 100 changes in 300 seconds. Saving...
2026-08-21T07:55:00.074016685Z 1:M 21 Aug 2026 07:55:00.073 * Background saving started by pid 29
2026-08-21T07:55:00.078267281Z 29:C 21 Aug 2026 07:55:00.077 * BGSAVE done, 952 keys saved, 0 keys skipped, 98180 bytes written.
2026-08-21T07:55:00.150431485Z 29:C 21 Aug 2026 07:55:00.150 * DB saved on disk
2026-08-21T07:55:00.151032183Z 29:C 21 Aug 2026 07:55:00.150 * Fork CoW for RDB: current 0 MB, peak 0 MB, average 0 MB
2026-08-21T07:55:00.174666849Z 1:M 21 Aug 2026 07:55:00.174 * Background saving terminated with success
