2026-08-15T12:14:48.232288322Z {"message":"[PlaceOrder] user_id=\"22065cfb-f1cb-433a-989a-2ec872caa084\" user_currency=\"USD\"","severity":"info","timestamp":"2026-08-15T12:14:48.231929764Z"}
2026-08-15T12:14:48.245796418Z {"message":"payment went through (transaction_id: c0a9509f-89f8-4ea3-b15a-a2a7876d87a2)","severity":"info","timestamp":"2026-08-15T12:14:48.245510871Z"}
2026-08-15T12:14:48.250948855Z {"message":"order confirmation email sent to \"cunninghamjonathan@example.org\"","severity":"info","timestamp":"2026-08-15T12:14:48.250630304Z"}
2026-08-15T12:14:56.429909448Z {"message":"[PlaceOrder] user_id=\"ba3e2f0d-dd46-4908-8505-bb4777a88366\" user_currency=\"USD\"","severity":"info","timestamp":"2026-08-15T12:14:56.429584694Z"}
2026-08-15T12:14:56.450635005Z {"message":"payment went through (transaction_id: 64ac9b4a-ae9d-4b17-85e2-48338e3e4e16)","severity":"info","timestamp":"2026-08-15T12:14:56.450299049Z"}
2026-08-15T12:14:56.459204034Z {"message":"order confirmation email sent to \"steinamy@example.net\"","severity":"info","timestamp":"2026-08-15T12:14:56.458829171Z"}
2026-08-15T12:15:01.089048659Z {"message":"[PlaceOrder] user_id=\"2fc4daf5-b99a-4c14-a473-06b2a368863b\" user_currency=\"CAD\"","severity":"info","timestamp":"2026-08-15T12:15:01.088462456Z"}
2026-08-15T12:15:01.106287176Z {"message":"payment went through (transaction_id: 7f6a78a3-47e4-4e2f-8166-3fad2bff2c66)","severity":"info","timestamp":"2026-08-15T12:15:01.105763685Z"}
2026-08-15T12:15:01.113738681Z {"message":"order confirmation email sent to \"zbeck@example.net\"","severity":"info","timestamp":"2026-08-15T12:15:01.11321999Z"}
2026-08-15T12:15:32.132640059Z {"message":"[PlaceOrder] user_id=\"ba3e2f0d-dd46-4908-8505-bb4777a88366\" user_currency=\"GBP\"","severity":"info","timestamp":"2026-08-15T12:15:32.132472631Z"}
2026-08-15T12:15:32.141439699Z {"message":"payment went through (transaction_id: 571215df-6bc2-458c-87ea-8f27ba58a137)","severity":"info","timestamp":"2026-08-15T12:15:32.14125977Z"}
2026-08-15T12:15:32.145048290Z {"message":"order confirmation email sent to \"jmills@example.net\"","severity":"info","timestamp":"2026-08-15T12:15:32.144845756Z"}
2026-08-15T12:15:37.086091450Z {"message":"[PlaceOrder] user_id=\"95c68218-78ed-49d7-bed3-f7e1120133ca\" user_currency=\"GBP\"","severity":"info","timestamp":"2026-08-15T12:15:37.0851718Z"}
2026-08-15T12:15:37.145296940Z {"message":"payment went through (transaction_id: cd0bd40a-c66b-4246-b119-e408949d9063)","severity":"info","timestamp":"2026-08-15T12:15:37.144782756Z"}
2026-08-15T12:15:37.153261143Z {"message":"order confirmation email sent to \"hayesjoshua@example.com\"","severity":"info","timestamp":"2026-08-15T12:15:37.152421006Z"}
2026-08-15T12:15:46.721437792Z {"message":"[PlaceOrder] user_id=\"216fcf6c-966a-4268-9699-046e6beae4b6\" user_currency=\"USD\"","severity":"info","timestamp":"2026-08-15T12:15:46.721061174Z"}
2026-08-15T12:15:46.736809807Z {"message":"payment went through (transaction_id: dbecb386-8aee-43be-832b-24716de9a975)","severity":"info","timestamp":"2026-08-15T12:15:46.736428289Z"}
2026-08-15T12:15:46.743720128Z {"message":"order confirmation email sent to \"caintiffany@example.net\"","severity":"info","timestamp":"2026-08-15T12:15:46.743243106Z"}
2026-08-15T12:15:47.484763893Z {"message":"[PlaceOrder] user_id=\"6a30e603-2624-4981-bd6e-c27c04ec3af5\" user_currency=\"CAD\"","severity":"info","timestamp":"2026-08-15T12:15:47.484351773Z"}
2026-08-15T12:15:47.539878956Z {"message":"payment went through (transaction_id: 9e10c4d0-6c05-4a79-a368-9ba32a5ffcda)","severity":"info","timestamp":"2026-08-15T12:15:47.539301729Z"}
2026-08-15T12:15:47.547137593Z {"message":"order confirmation email sent to \"vharris@example.net\"","severity":"info","timestamp":"2026-08-15T12:15:47.546747175Z"}
2026-08-15T12:15:49.429547932Z {"message":"[PlaceOrder] user_id=\"2fc4daf5-b99a-4c14-a473-06b2a368863b\" user_currency=\"CAD\"","severity":"info","timestamp":"2026-08-15T12:15:49.428844219Z"}
2026-08-15T12:15:49.495937751Z {"message":"payment went through (transaction_id: a9749c58-6e76-4831-9dbd-fd98de12646b)","severity":"info","timestamp":"2026-08-15T12:15:49.495162928Z"}
2026-08-15T12:15:49.508961035Z {"message":"order confirmation email sent to \"williamwillis@example.net\"","severity":"info","timestamp":"2026-08-15T12:15:49.507936271Z"}
2026-08-15T12:15:51.031883840Z {"message":"[PlaceOrder] user_id=\"8acc09ea-4fa0-42f9-9912-6f5861011df4\" user_currency=\"GBP\"","severity":"info","timestamp":"2026-08-15T12:15:51.031626399Z"}
2026-08-15T12:15:51.044395141Z {"message":"payment went through (transaction_id: 2a6d50c6-67bf-449c-84ac-ed1cad5e9a46)","severity":"info","timestamp":"2026-08-15T12:15:51.044180007Z"}
2026-08-15T12:15:51.048529003Z {"message":"order confirmation email sent to \"micheal29@example.com\"","severity":"info","timestamp":"2026-08-15T12:15:51.048287564Z"}
2026-08-15T12:16:05.225074842Z {"message":"[PlaceOrder] user_id=\"f3307839-d168-471c-8dd1-b5293e489285\" user_currency=\"TRY\"","severity":"info","timestamp":"2026-08-15T12:16:05.224882513Z"}
2026-08-15T12:16:05.237866499Z {"message":"payment went through (transaction_id: 74fa6530-ce98-4fde-b836-f9c5a246903c)","severity":"info","timestamp":"2026-08-15T12:16:05.23767427Z"}
2026-08-15T12:16:05.242097547Z {"message":"order confirmation email sent to \"preed@example.org\"","severity":"info","timestamp":"2026-08-15T12:16:05.241752894Z"}
2026-08-15T12:16:05.776635844Z {"message":"[PlaceOrder] user_id=\"95c68218-78ed-49d7-bed3-f7e1120133ca\" user_currency=\"CAD\"","severity":"info","timestamp":"2026-08-15T12:16:05.77647912Z"}
2026-08-15T12:16:05.784312918Z {"message":"payment went through (transaction_id: 38c21182-2dc0-4357-8f43-77cb49a65a53)","severity":"info","timestamp":"2026-08-15T12:16:05.784068281Z"}
2026-08-15T12:16:05.791282185Z {"message":"order confirmation email sent to \"zschultz@example.net\"","severity":"info","timestamp":"2026-08-15T12:16:05.790375146Z"}
2026-08-15T12:16:07.164030747Z {"message":"[PlaceOrder] user_id=\"47bed1ec-5471-4ce2-a71e-b48cbaa0f98d\" user_currency=\"EUR\"","severity":"info","timestamp":"2026-08-15T12:16:07.163447358Z"}
2026-08-15T12:16:07.194772252Z {"message":"payment went through (transaction_id: 66b27b56-9048-408c-93da-b87aa9ddbece)","severity":"info","timestamp":"2026-08-15T12:16:07.194264774Z"}
2026-08-15T12:16:07.202528638Z {"message":"order confirmation email sent to \"patelchelsea@example.org\"","severity":"info","timestamp":"2026-08-15T12:16:07.20214938Z"}
2026-08-15T12:16:12.021620421Z {"message":"[PlaceOrder] user_id=\"8acc09ea-4fa0-42f9-9912-6f5861011df4\" user_currency=\"GBP\"","severity":"info","timestamp":"2026-08-15T12:16:12.02119388Z"}
2026-08-15T12:16:12.035727699Z {"message":"payment went through (transaction_id: 3feefef3-a64e-4efe-998f-9f46c2a636cc)","severity":"info","timestamp":"2026-08-15T12:16:12.035202149Z"}
2026-08-15T12:16:12.042219318Z {"message":"order confirmation email sent to \"jeffrey80@example.net\"","severity":"info","timestamp":"2026-08-15T12:16:12.041828781Z"}
2026-08-15T12:16:25.826072171Z {"message":"[PlaceOrder] user_id=\"2fc4daf5-b99a-4c14-a473-06b2a368863b\" user_currency=\"TRY\"","severity":"info","timestamp":"2026-08-15T12:16:25.825914643Z"}
2026-08-15T12:16:25.832140325Z {"message":"payment went through (transaction_id: 874b5107-8fb7-4008-8e41-7858a0944460)","severity":"info","timestamp":"2026-08-15T12:16:25.83194359Z"}
2026-08-15T12:16:25.835368085Z {"message":"order confirmation email sent to \"rachel29@example.org\"","severity":"info","timestamp":"2026-08-15T12:16:25.835237162Z"}
2026-08-15T12:16:51.806360995Z {"message":"[PlaceOrder] user_id=\"a59cb676-20d3-4cd5-8d6b-f6a9110303fd\" user_currency=\"CAD\"","severity":"info","timestamp":"2026-08-15T12:16:51.806118859Z"}
2026-08-15T12:16:51.821424822Z {"message":"payment went through (transaction_id: 0707bac7-e645-4f8d-8559-2347ae9ef605)","severity":"info","timestamp":"2026-08-15T12:16:51.821149881Z"}
2026-08-15T12:16:51.824811922Z {"message":"order confirmation email sent to \"oturner@example.net\"","severity":"info","timestamp":"2026-08-15T12:16:51.824640897Z"}
2026-08-15T12:16:55.838576053Z {"message":"[PlaceOrder] user_id=\"ba3e2f0d-dd46-4908-8505-bb4777a88366\" user_currency=\"GBP\"","severity":"info","timestamp":"2026-08-15T12:16:55.838437732Z"}
2026-08-15T12:16:55.845620337Z {"message":"payment went through (transaction_id: 94e401a3-87b9-40e5-a49e-3779d2e84384)","severity":"info","timestamp":"2026-08-15T12:16:55.845452311Z"}
2026-08-15T12:16:55.848261843Z {"message":"order confirmation email sent to \"charlesriley@example.net\"","severity":"info","timestamp":"2026-08-15T12:16:55.848105519Z"}
2026-08-15T12:16:58.112315814Z {"message":"[PlaceOrder] user_id=\"8acc09ea-4fa0-42f9-9912-6f5861011df4\" user_currency=\"JPY\"","severity":"info","timestamp":"2026-08-15T12:16:58.111941557Z"}
2026-08-15T12:16:58.124613206Z {"message":"payment went through (transaction_id: c9151467-dc3e-4667-82e5-7effedc5efa8)","severity":"info","timestamp":"2026-08-15T12:16:58.124209944Z"}
2026-08-15T12:16:58.132122161Z {"message":"order confirmation email sent to \"dobrien@example.org\"","severity":"info","timestamp":"2026-08-15T12:16:58.131689294Z"}
2026-08-15T12:17:03.008643730Z {"message":"[PlaceOrder] user_id=\"95c68218-78ed-49d7-bed3-f7e1120133ca\" user_currency=\"TRY\"","severity":"info","timestamp":"2026-08-15T12:17:03.00800053Z"}
2026-08-15T12:17:03.019508806Z {"message":"payment went through (transaction_id: 05f662c7-ae2a-4626-93d3-453230342431)","severity":"info","timestamp":"2026-08-15T12:17:03.019238065Z"}
2026-08-15T12:17:03.023995899Z {"message":"order confirmation email sent to \"briannunez@example.net\"","severity":"info","timestamp":"2026-08-15T12:17:03.023788367Z"}
2026-08-15T12:17:05.808630898Z {"message":"[PlaceOrder] user_id=\"8acc09ea-4fa0-42f9-9912-6f5861011df4\" user_currency=\"JPY\"","severity":"info","timestamp":"2026-08-15T12:17:05.808412665Z"}
2026-08-15T12:17:05.817153013Z {"message":"payment went through (transaction_id: f5cb3431-fb8a-4ec8-80da-e54a64054d6f)","severity":"info","timestamp":"2026-08-15T12:17:05.816939981Z"}
2026-08-15T12:17:05.821121226Z {"message":"order confirmation email sent to \"mary20@example.com\"","severity":"info","timestamp":"2026-08-15T12:17:05.820895391Z"}
2026-08-15T12:17:08.213273519Z {"message":"[PlaceOrder] user_id=\"47bed1ec-5471-4ce2-a71e-b48cbaa0f98d\" user_currency=\"JPY\"","severity":"info","timestamp":"2026-08-15T12:17:08.212833553Z"}
2026-08-15T12:17:08.229526389Z {"message":"payment went through (transaction_id: 0cbe9569-a5a7-463f-970a-7adb198dc5ac)","severity":"info","timestamp":"2026-08-15T12:17:08.228964004Z"}
2026-08-15T12:17:08.236677076Z {"message":"order confirmation email sent to \"ronaldbauer@example.net\"","severity":"info","timestamp":"2026-08-15T12:17:08.236273514Z"}
2026-08-15T12:17:41.522666692Z {"message":"[PlaceOrder] user_id=\"216fcf6c-966a-4268-9699-046e6beae4b6\" user_currency=\"TRY\"","severity":"info","timestamp":"2026-08-15T12:17:41.522179218Z"}
2026-08-15T12:17:41.540404995Z {"message":"payment went through (transaction_id: 0cc6176d-b55d-4d30-bcc8-6a73018ffc17)","severity":"info","timestamp":"2026-08-15T12:17:41.539925422Z"}
2026-08-15T12:17:41.550150380Z {"message":"order confirmation email sent to \"kaylee78@example.com\"","severity":"info","timestamp":"2026-08-15T12:17:41.549729616Z"}
2026-08-15T12:17:43.308833973Z {"message":"[PlaceOrder] user_id=\"3b53da5e-3285-432e-b3db-ea6fbaf82604\" user_currency=\"JPY\"","severity":"info","timestamp":"2026-08-15T12:17:43.308229581Z"}
2026-08-15T12:17:43.387445350Z {"message":"payment went through (transaction_id: 37ab2be5-c73b-4eea-aaf6-56f501d73b79)","severity":"info","timestamp":"2026-08-15T12:17:43.386757646Z"}
2026-08-15T12:17:43.402014870Z {"message":"order confirmation email sent to \"jeremy19@example.net\"","severity":"info","timestamp":"2026-08-15T12:17:43.401450184Z"}
2026-08-15T12:17:46.316892279Z {"message":"[PlaceOrder] user_id=\"95c68218-78ed-49d7-bed3-f7e1120133ca\" user_currency=\"TRY\"","severity":"info","timestamp":"2026-08-15T12:17:46.315999943Z"}
2026-08-15T12:17:46.340281142Z {"message":"payment went through (transaction_id: b058debf-7408-4d13-8ba1-f5c66ac809bb)","severity":"info","timestamp":"2026-08-15T12:17:46.339866079Z"}
2026-08-15T12:17:46.347707174Z {"message":"order confirmation email sent to \"james65@example.net\"","severity":"info","timestamp":"2026-08-15T12:17:46.347276508Z"}
2026-08-15T12:17:50.216899029Z {"message":"[PlaceOrder] user_id=\"3b53da5e-3285-432e-b3db-ea6fbaf82604\" user_currency=\"JPY\"","severity":"info","timestamp":"2026-08-15T12:17:50.216724102Z"}
2026-08-15T12:17:50.285974138Z {"message":"payment went through (transaction_id: d6ab4921-d7b7-4469-9646-d5f0a32e4a72)","severity":"info","timestamp":"2026-08-15T12:17:50.285760805Z"}
2026-08-15T12:17:50.289787924Z {"message":"order confirmation email sent to \"juliegordon@example.com\"","severity":"info","timestamp":"2026-08-15T12:17:50.2896311Z"}
2026-08-15T12:17:51.957434265Z {"message":"[PlaceOrder] user_id=\"723f5a2f-f93a-4f75-b940-af329536d093\" user_currency=\"TRY\"","severity":"info","timestamp":"2026-08-15T12:17:51.956763362Z"}
2026-08-15T12:17:52.178241280Z {"message":"payment went through (transaction_id: e0b17fee-0a17-46b6-9aa5-d2c86911638a)","severity":"info","timestamp":"2026-08-15T12:17:52.177422454Z"}
2026-08-15T12:17:52.178317391Z {"message":"[PlaceOrder] user_id=\"a59cb676-20d3-4cd5-8d6b-f6a9110303fd\" user_currency=\"CAD\"","severity":"info","timestamp":"2026-08-15T12:17:52.177606182Z"}
2026-08-15T12:17:52.197690467Z {"message":"order confirmation email sent to \"troy22@example.net\"","severity":"info","timestamp":"2026-08-15T12:17:52.196221541Z"}
2026-08-15T12:17:52.277786369Z {"message":"payment went through (transaction_id: 3028f176-d4ca-449b-8baf-ba25bbe65823)","severity":"info","timestamp":"2026-08-15T12:17:52.277148071Z"}
2026-08-15T12:17:52.289781912Z {"message":"order confirmation email sent to \"nwilliams@example.org\"","severity":"info","timestamp":"2026-08-15T12:17:52.287825611Z"}
2026-08-15T12:18:39.031602346Z {"message":"[PlaceOrder] user_id=\"216fcf6c-966a-4268-9699-046e6beae4b6\" user_currency=\"EUR\"","severity":"info","timestamp":"2026-08-15T12:18:39.027227051Z"}
2026-08-15T12:18:39.058158655Z {"message":"payment went through (transaction_id: ca024d91-24b5-4cbb-b0db-5bd3a90b7fd9)","severity":"info","timestamp":"2026-08-15T12:18:39.057810907Z"}
2026-08-15T12:18:39.118897708Z {"message":"order confirmation email sent to \"cameron95@example.com\"","severity":"info","timestamp":"2026-08-15T12:18:39.118129004Z"}
2026-08-15T12:18:42.608172495Z {"message":"[PlaceOrder] user_id=\"2fc4daf5-b99a-4c14-a473-06b2a368863b\" user_currency=\"CAD\"","severity":"info","timestamp":"2026-08-15T12:18:42.607636822Z"}
2026-08-15T12:18:42.625683474Z {"message":"payment went through (transaction_id: 57724d7b-f4ea-454d-84c0-e9d0201621ba)","severity":"info","timestamp":"2026-08-15T12:18:42.625254816Z"}
2026-08-15T12:18:42.633807378Z {"message":"order confirmation email sent to \"powellmichelle@example.com\"","severity":"info","timestamp":"2026-08-15T12:18:42.633198996Z"}
2026-08-15T12:18:44.578715092Z {"message":"[PlaceOrder] user_id=\"3b53da5e-3285-432e-b3db-ea6fbaf82604\" user_currency=\"JPY\"","severity":"info","timestamp":"2026-08-15T12:18:44.578110103Z"}
2026-08-15T12:18:44.607683321Z {"message":"payment went through (transaction_id: 94237f98-3104-4e67-af5a-9e335fc2d633)","severity":"info","timestamp":"2026-08-15T12:18:44.606743184Z"}
2026-08-15T12:18:44.618894958Z {"message":"order confirmation email sent to \"matthew48@example.org\"","severity":"info","timestamp":"2026-08-15T12:18:44.618260365Z"}
2026-08-15T12:18:47.648397965Z {"message":"[PlaceOrder] user_id=\"22065cfb-f1cb-433a-989a-2ec872caa084\" user_currency=\"CAD\"","severity":"info","timestamp":"2026-08-15T12:18:47.647504434Z"}
2026-08-15T12:18:47.714802159Z {"message":"payment went through (transaction_id: 15a55ded-cf4f-4af4-851e-a6a214a8206e)","severity":"info","timestamp":"2026-08-15T12:18:47.71418767Z"}
2026-08-15T12:18:47.726907927Z {"message":"order confirmation email sent to \"jarvisantonio@example.com\"","severity":"info","timestamp":"2026-08-15T12:18:47.726186622Z"}
2026-08-15T12:18:49.348265045Z {"message":"[PlaceOrder] user_id=\"47bed1ec-5471-4ce2-a71e-b48cbaa0f98d\" user_currency=\"CAD\"","severity":"info","timestamp":"2026-08-15T12:18:49.347611749Z"}
2026-08-15T12:18:49.414205672Z {"message":"payment went through (transaction_id: 1a972004-f3fe-436b-a341-43e3fde86fa3)","severity":"info","timestamp":"2026-08-15T12:18:49.413426558Z"}
2026-08-15T12:18:49.424383458Z {"message":"order confirmation email sent to \"hopkinsbecky@example.net\"","severity":"info","timestamp":"2026-08-15T12:18:49.423979499Z"}
2026-08-15T12:18:57.091244357Z {"message":"[PlaceOrder] user_id=\"a59cb676-20d3-4cd5-8d6b-f6a9110303fd\" user_currency=\"EUR\"","severity":"info","timestamp":"2026-08-15T12:18:57.090999921Z"}
2026-08-15T12:18:57.121323870Z {"message":"payment went through (transaction_id: a760c917-4102-4dcf-884c-924aba1e1f65)","severity":"info","timestamp":"2026-08-15T12:18:57.120699976Z"}
2026-08-15T12:18:57.131882154Z {"message":"order confirmation email sent to \"caseystephen@example.com\"","severity":"info","timestamp":"2026-08-15T12:18:57.131351875Z"}
2026-08-15T12:19:00.196467123Z {"message":"[PlaceOrder] user_id=\"3338162a-ce26-4d16-829e-74a38c3d3dc2\" user_currency=\"JPY\"","severity":"info","timestamp":"2026-08-15T12:19:00.196184381Z"}
2026-08-15T12:19:01.189655904Z {"message":"payment went through (transaction_id: 934f5542-a326-4c49-ad3f-03a2e5dc297a)","severity":"info","timestamp":"2026-08-15T12:19:01.189099121Z"}
2026-08-15T12:19:01.218312164Z {"message":"order confirmation email sent to \"david12@example.net\"","severity":"info","timestamp":"2026-08-15T12:19:01.216372575Z"}
2026-08-15T12:19:20.763748599Z {"message":"[PlaceOrder] user_id=\"3b53da5e-3285-432e-b3db-ea6fbaf82604\" user_currency=\"GBP\"","severity":"info","timestamp":"2026-08-15T12:19:20.762879372Z"}
2026-08-15T12:19:20.793331702Z {"message":"payment went through (transaction_id: 2d1f1eab-119a-4ad5-afba-02d3e7e46b1c)","severity":"info","timestamp":"2026-08-15T12:19:20.792796724Z"}
2026-08-15T12:19:20.810108143Z {"message":"order confirmation email sent to \"sean22@example.org\"","severity":"info","timestamp":"2026-08-15T12:19:20.809625873Z"}
2026-08-15T12:19:21.786666711Z {"message":"[PlaceOrder] user_id=\"4efac4b6-8649-4655-9f56-a4ac140c299c\" user_currency=\"EUR\"","severity":"info","timestamp":"2026-08-15T12:19:21.786200143Z"}
2026-08-15T12:19:21.806835645Z {"message":"payment went through (transaction_id: 804829d7-38cc-4015-bcac-10e8f2b7ba7d)","severity":"info","timestamp":"2026-08-15T12:19:21.80659231Z"}
2026-08-15T12:19:21.814224220Z {"message":"order confirmation email sent to \"goodcarlos@example.org\"","severity":"info","timestamp":"2026-08-15T12:19:21.813935278Z"}
2026-08-15T12:19:25.406870637Z {"message":"[PlaceOrder] user_id=\"3b53da5e-3285-432e-b3db-ea6fbaf82604\" user_currency=\"GBP\"","severity":"info","timestamp":"2026-08-15T12:19:25.40648408Z"}
2026-08-15T12:19:25.413728946Z {"message":"payment went through (transaction_id: 49cbe820-1de1-4d93-aca8-20edf98b0755)","severity":"info","timestamp":"2026-08-15T12:19:25.413460406Z"}
2026-08-15T12:19:25.417093741Z {"message":"order confirmation email sent to \"williamdavis@example.org\"","severity":"info","timestamp":"2026-08-15T12:19:25.416924816Z"}
2026-08-15T12:19:28.195567782Z {"message":"[PlaceOrder] user_id=\"95c68218-78ed-49d7-bed3-f7e1120133ca\" user_currency=\"JPY\"","severity":"info","timestamp":"2026-08-15T12:19:28.194917186Z"}
2026-08-15T12:19:28.220430140Z {"message":"payment went through (transaction_id: f9af7cea-9bc8-441d-836e-bdf86770df7e)","severity":"info","timestamp":"2026-08-15T12:19:28.219667528Z"}
2026-08-15T12:19:28.265117316Z {"message":"order confirmation email sent to \"upitts@example.org\"","severity":"info","timestamp":"2026-08-15T12:19:28.264336001Z"}
2026-08-15T12:19:29.858695804Z {"message":"[PlaceOrder] user_id=\"22065cfb-f1cb-433a-989a-2ec872caa084\" user_currency=\"CAD\"","severity":"info","timestamp":"2026-08-15T12:19:29.857896587Z"}
2026-08-15T12:19:29.896966336Z {"message":"payment went through (transaction_id: 4f8f4d97-2423-4b8c-8a84-335cd2ed4a0c)","severity":"info","timestamp":"2026-08-15T12:19:29.895940585Z"}
2026-08-15T12:19:29.924151636Z {"message":"order confirmation email sent to \"david24@example.net\"","severity":"info","timestamp":"2026-08-15T12:19:29.922579704Z"}
2026-08-15T12:19:51.398228447Z {"message":"[PlaceOrder] user_id=\"216fcf6c-966a-4268-9699-046e6beae4b6\" user_currency=\"TRY\"","severity":"info","timestamp":"2026-08-15T12:19:51.397087866Z"}
2026-08-15T12:19:51.430152124Z {"message":"payment went through (transaction_id: 3410d2e5-d726-4bf8-9431-0024bb52087e)","severity":"info","timestamp":"2026-08-15T12:19:51.427902367Z"}
2026-08-15T12:19:51.466967879Z {"message":"order confirmation email sent to \"gallowayjessica@example.org\"","severity":"info","timestamp":"2026-08-15T12:19:51.466187555Z"}
2026-08-15T12:20:02.560086218Z {"message":"[PlaceOrder] user_id=\"4efac4b6-8649-4655-9f56-a4ac140c299c\" user_currency=\"EUR\"","severity":"info","timestamp":"2026-08-15T12:20:02.559930393Z"}
2026-08-15T12:20:02.566455152Z {"message":"payment went through (transaction_id: ba2ba6ed-7504-4b36-b422-1c1157efa01b)","severity":"info","timestamp":"2026-08-15T12:20:02.566231016Z"}
2026-08-15T12:20:02.569872807Z {"message":"order confirmation email sent to \"donald31@example.com\"","severity":"info","timestamp":"2026-08-15T12:20:02.569667674Z"}
2026-08-15T12:20:14.877678339Z {"message":"[PlaceOrder] user_id=\"ba3e2f0d-dd46-4908-8505-bb4777a88366\" user_currency=\"JPY\"","severity":"info","timestamp":"2026-08-15T12:20:14.875270928Z"}
2026-08-15T12:20:14.982217314Z {"message":"payment went through (transaction_id: c672321d-a9ee-411b-b520-91449c94019f)","severity":"info","timestamp":"2026-08-15T12:20:14.981278132Z"}
2026-08-15T12:20:14.993682120Z {"message":"order confirmation email sent to \"robinsonpamela@example.net\"","severity":"info","timestamp":"2026-08-15T12:20:14.993274385Z"}
2026-08-15T12:20:25.534270139Z {"message":"[PlaceOrder] user_id=\"f3307839-d168-471c-8dd1-b5293e489285\" user_currency=\"TRY\"","severity":"info","timestamp":"2026-08-15T12:20:25.533660191Z"}
2026-08-15T12:20:25.600363159Z {"message":"payment went through (transaction_id: 8eb1a28b-36ec-4e76-be19-01fd06fc1872)","severity":"info","timestamp":"2026-08-15T12:20:25.599650386Z"}
2026-08-15T12:20:25.608878923Z {"message":"order confirmation email sent to \"stapia@example.org\"","severity":"info","timestamp":"2026-08-15T12:20:25.608360797Z"}
2026-08-15T12:20:25.777588016Z {"message":"[PlaceOrder] user_id=\"47bed1ec-5471-4ce2-a71e-b48cbaa0f98d\" user_currency=\"USD\"","severity":"info","timestamp":"2026-08-15T12:20:25.777039483Z"}
2026-08-15T12:20:25.816163266Z {"message":"payment went through (transaction_id: 8a724139-a7f9-4c4a-ab8b-ce42ea5b26eb)","severity":"info","timestamp":"2026-08-15T12:20:25.815484401Z"}
2026-08-15T12:20:25.854984176Z {"message":"order confirmation email sent to \"shudson@example.com\"","severity":"info","timestamp":"2026-08-15T12:20:25.85434052Z"}
2026-08-15T12:20:38.036396546Z {"message":"[PlaceOrder] user_id=\"3338162a-ce26-4d16-829e-74a38c3d3dc2\" user_currency=\"JPY\"","severity":"info","timestamp":"2026-08-15T12:20:38.036149612Z"}
2026-08-15T12:20:38.043815884Z {"message":"payment went through (transaction_id: 20490b9e-63b7-46fb-9143-5ea5f2074733)","severity":"info","timestamp":"2026-08-15T12:20:38.043619357Z"}
2026-08-15T12:20:38.047585811Z {"message":"order confirmation email sent to \"tara29@example.com\"","severity":"info","timestamp":"2026-08-15T12:20:38.047368281Z"}
2026-08-15T12:20:38.486883249Z {"message":"[PlaceOrder] user_id=\"95c68218-78ed-49d7-bed3-f7e1120133ca\" user_currency=\"JPY\"","severity":"info","timestamp":"2026-08-15T12:20:38.486653117Z"}
2026-08-15T12:20:38.496284664Z {"message":"payment went through (transaction_id: 0f3c610e-19ee-4d68-98a4-b24c8909000c)","severity":"info","timestamp":"2026-08-15T12:20:38.496000825Z"}
2026-08-15T12:20:38.500168007Z {"message":"order confirmation email sent to \"justinmoore@example.org\"","severity":"info","timestamp":"2026-08-15T12:20:38.499878967Z"}
2026-08-15T12:21:02.050121326Z {"message":"[PlaceOrder] user_id=\"ba3e2f0d-dd46-4908-8505-bb4777a88366\" user_currency=\"JPY\"","severity":"info","timestamp":"2026-08-15T12:21:02.049561342Z"}
2026-08-15T12:21:02.067922578Z {"message":"payment went through (transaction_id: 1bfd5c56-0611-4cff-a268-6cf8bfd08bf9)","severity":"info","timestamp":"2026-08-15T12:21:02.067554923Z"}
2026-08-15T12:21:02.074554466Z {"message":"order confirmation email sent to \"henry08@example.org\"","severity":"info","timestamp":"2026-08-15T12:21:02.074259222Z"}
2026-08-15T12:21:09.733251268Z {"message":"[PlaceOrder] user_id=\"95c68218-78ed-49d7-bed3-f7e1120133ca\" user_currency=\"JPY\"","severity":"info","timestamp":"2026-08-15T12:21:09.732693285Z"}
2026-08-15T12:21:09.751453669Z {"message":"payment went through (transaction_id: fd79b36a-c377-4071-a8c1-a3a69a302de5)","severity":"info","timestamp":"2026-08-15T12:21:09.750796471Z"}
2026-08-15T12:21:09.760676237Z {"message":"order confirmation email sent to \"teresa93@example.org\"","severity":"info","timestamp":"2026-08-15T12:21:09.760130756Z"}
2026-08-15T12:21:25.966104100Z {"message":"[PlaceOrder] user_id=\"a59cb676-20d3-4cd5-8d6b-f6a9110303fd\" user_currency=\"CAD\"","severity":"info","timestamp":"2026-08-15T12:21:25.96557092Z"}
2026-08-15T12:21:25.984543753Z {"message":"payment went through (transaction_id: 3cbe5f6a-326d-483b-b94b-d4ced412c534)","severity":"info","timestamp":"2026-08-15T12:21:25.984333821Z"}
2026-08-15T12:21:25.996482235Z {"message":"order confirmation email sent to \"medinaamanda@example.com\"","severity":"info","timestamp":"2026-08-15T12:21:25.994259103Z"}
2026-08-15T12:21:43.421885736Z {"message":"[PlaceOrder] user_id=\"f3307839-d168-471c-8dd1-b5293e489285\" user_currency=\"CAD\"","severity":"info","timestamp":"2026-08-15T12:21:43.421255741Z"}
2026-08-15T12:21:43.470020638Z {"message":"payment went through (transaction_id: f656f3ec-ac47-4a2c-a4a1-e6d90f3cfab2)","severity":"info","timestamp":"2026-08-15T12:21:43.469497259Z"}
2026-08-15T12:21:43.479594470Z {"message":"order confirmation email sent to \"rebecca56@example.net\"","severity":"info","timestamp":"2026-08-15T12:21:43.479066891Z"}
2026-08-15T12:21:43.924229298Z {"message":"[PlaceOrder] user_id=\"2fc4daf5-b99a-4c14-a473-06b2a368863b\" user_currency=\"TRY\"","severity":"info","timestamp":"2026-08-15T12:21:43.923533994Z"}
2026-08-15T12:21:44.056741125Z {"message":"payment went through (transaction_id: 82b57bef-9f70-453f-a5f8-d841a6920662)","severity":"info","timestamp":"2026-08-15T12:21:44.056463583Z"}
2026-08-15T12:21:44.060414674Z {"message":"order confirmation email sent to \"sheri33@example.org\"","severity":"info","timestamp":"2026-08-15T12:21:44.060222645Z"}
2026-08-15T12:21:44.367264186Z {"message":"[PlaceOrder] user_id=\"6a30e603-2624-4981-bd6e-c27c04ec3af5\" user_currency=\"GBP\"","severity":"info","timestamp":"2026-08-15T12:21:44.365198277Z"}
2026-08-15T12:21:44.471435172Z {"message":"payment went through (transaction_id: 937d26fb-0d5e-4573-80dd-56e395a61766)","severity":"info","timestamp":"2026-08-15T12:21:44.469464877Z"}
2026-08-15T12:21:44.546202159Z {"message":"order confirmation email sent to \"jcunningham@example.org\"","severity":"info","timestamp":"2026-08-15T12:21:44.545918017Z"}
2026-08-15T12:21:49.025146827Z {"message":"[PlaceOrder] user_id=\"4efac4b6-8649-4655-9f56-a4ac140c299c\" user_currency=\"GBP\"","severity":"info","timestamp":"2026-08-15T12:21:49.022347108Z"}
2026-08-15T12:21:49.089167609Z {"message":"payment went through (transaction_id: 7fb212e2-c62d-4aaf-ab1f-cde84b50bcf8)","severity":"info","timestamp":"2026-08-15T12:21:49.0877716Z"}
2026-08-15T12:21:49.095739192Z {"message":"order confirmation email sent to \"sarah66@example.com\"","severity":"info","timestamp":"2026-08-15T12:21:49.095345933Z"}
2026-08-15T12:21:54.665799422Z {"message":"[PlaceOrder] user_id=\"6a30e603-2624-4981-bd6e-c27c04ec3af5\" user_currency=\"GBP\"","severity":"info","timestamp":"2026-08-15T12:21:54.665604293Z"}
2026-08-15T12:21:54.672436415Z {"message":"payment went through (transaction_id: 59fa8e5f-d1db-47e0-9ef0-0068491155a0)","severity":"info","timestamp":"2026-08-15T12:21:54.671909036Z"}
2026-08-15T12:21:54.676233283Z {"message":"order confirmation email sent to \"baileymaureen@example.org\"","severity":"info","timestamp":"2026-08-15T12:21:54.676026953Z"}
2026-08-15T12:22:02.405464011Z {"message":"[PlaceOrder] user_id=\"2fc4daf5-b99a-4c14-a473-06b2a368863b\" user_currency=\"TRY\"","severity":"info","timestamp":"2026-08-15T12:22:02.405278184Z"}
2026-08-15T12:22:02.412624980Z {"message":"payment went through (transaction_id: e279bb7a-a8f1-4d55-aee7-3dad52349177)","severity":"info","timestamp":"2026-08-15T12:22:02.412402647Z"}
2026-08-15T12:22:02.416320131Z {"message":"order confirmation email sent to \"samuel13@example.net\"","severity":"info","timestamp":"2026-08-15T12:22:02.416126802Z"}
2026-08-15T12:22:25.584600840Z {"message":"[PlaceOrder] user_id=\"6a30e603-2624-4981-bd6e-c27c04ec3af5\" user_currency=\"TRY\"","severity":"info","timestamp":"2026-08-15T12:22:25.584116963Z"}
2026-08-15T12:22:25.650742223Z {"message":"payment went through (transaction_id: b70f1889-2386-4f5f-9ae4-8ee7667699bb)","severity":"info","timestamp":"2026-08-15T12:22:25.65028405Z"}
2026-08-15T12:22:25.657710427Z {"message":"order confirmation email sent to \"juliekim@example.com\"","severity":"info","timestamp":"2026-08-15T12:22:25.657269857Z"}
2026-08-15T12:23:06.764839346Z {"message":"[PlaceOrder] user_id=\"6a30e603-2624-4981-bd6e-c27c04ec3af5\" user_currency=\"TRY\"","severity":"info","timestamp":"2026-08-15T12:23:06.763972917Z"}
2026-08-15T12:23:06.787378882Z {"message":"payment went through (transaction_id: 500ad1c9-6d6d-4f53-9e5b-8760f695a22b)","severity":"info","timestamp":"2026-08-15T12:23:06.786547559Z"}
2026-08-15T12:23:06.833525713Z {"message":"order confirmation email sent to \"amber20@example.net\"","severity":"info","timestamp":"2026-08-15T12:23:06.832505262Z"}
2026-08-15T12:23:31.357502030Z {"message":"[PlaceOrder] user_id=\"6a30e603-2624-4981-bd6e-c27c04ec3af5\" user_currency=\"TRY\"","severity":"info","timestamp":"2026-08-15T12:23:31.35701896Z"}
2026-08-15T12:23:31.367959263Z {"message":"payment went through (transaction_id: c832e702-804a-420f-9633-269186fadcee)","severity":"info","timestamp":"2026-08-15T12:23:31.367546503Z"}
2026-08-15T12:23:31.374769362Z {"message":"order confirmation email sent to \"karen32@example.net\"","severity":"info","timestamp":"2026-08-15T12:23:31.374454316Z"}
2026-08-15T12:23:34.609460714Z {"message":"[PlaceOrder] user_id=\"a59cb676-20d3-4cd5-8d6b-f6a9110303fd\" user_currency=\"CAD\"","severity":"info","timestamp":"2026-08-15T12:23:34.608533879Z"}
2026-08-15T12:23:34.680600476Z {"message":"payment went through (transaction_id: 905cbd26-bcaf-407b-9410-6e0358bc8825)","severity":"info","timestamp":"2026-08-15T12:23:34.679782457Z"}
2026-08-15T12:23:34.697665061Z {"message":"order confirmation email sent to \"veronicamccormick@example.org\"","severity":"info","timestamp":"2026-08-15T12:23:34.696983362Z"}
2026-08-15T12:23:38.216306470Z {"message":"[PlaceOrder] user_id=\"b06775fa-f7d0-4e3e-9d00-9710268a4dc2\" user_currency=\"EUR\"","severity":"info","timestamp":"2026-08-15T12:23:38.21609504Z"}
2026-08-15T12:23:38.229880348Z {"message":"payment went through (transaction_id: 26eb9ec9-82b8-4ba1-b79d-f66a4541a349)","severity":"info","timestamp":"2026-08-15T12:23:38.229724625Z"}
2026-08-15T12:23:38.232675655Z {"message":"order confirmation email sent to \"vharris@example.org\"","severity":"info","timestamp":"2026-08-15T12:23:38.232470625Z"}
2026-08-15T12:23:48.853589200Z {"message":"[PlaceOrder] user_id=\"22065cfb-f1cb-433a-989a-2ec872caa084\" user_currency=\"JPY\"","severity":"info","timestamp":"2026-08-15T12:23:48.852816195Z"}
2026-08-15T12:23:49.028582862Z {"message":"payment went through (transaction_id: 6a2e29bb-6d8b-4246-9a8c-b7d106dafae2)","severity":"info","timestamp":"2026-08-15T12:23:49.027902457Z"}
2026-08-15T12:23:49.042632724Z {"message":"order confirmation email sent to \"xbaker@example.org\"","severity":"info","timestamp":"2026-08-15T12:23:49.041877908Z"}
2026-08-15T12:23:55.355081686Z {"message":"[PlaceOrder] user_id=\"6a30e603-2624-4981-bd6e-c27c04ec3af5\" user_currency=\"GBP\"","severity":"info","timestamp":"2026-08-15T12:23:55.354898058Z"}
2026-08-15T12:23:55.359996943Z {"message":"payment went through (transaction_id: 894cfa76-c89d-49f2-9811-20130f93a061)","severity":"info","timestamp":"2026-08-15T12:23:55.359832117Z"}
2026-08-15T12:23:55.363210037Z {"message":"order confirmation email sent to \"carterbenjamin@example.org\"","severity":"info","timestamp":"2026-08-15T12:23:55.363010106Z"}
2026-08-15T12:23:57.715642797Z {"message":"[PlaceOrder] user_id=\"3b53da5e-3285-432e-b3db-ea6fbaf82604\" user_currency=\"JPY\"","severity":"info","timestamp":"2026-08-15T12:23:57.715196319Z"}
2026-08-15T12:23:57.742851743Z {"message":"payment went through (transaction_id: 84329a72-72c6-4734-821e-e36813d5429b)","severity":"info","timestamp":"2026-08-15T12:23:57.742257639Z"}
2026-08-15T12:23:57.752843686Z {"message":"order confirmation email sent to \"qking@example.org\"","severity":"info","timestamp":"2026-08-15T12:23:57.752438515Z"}
2026-08-15T12:24:14.654109879Z {"message":"[PlaceOrder] user_id=\"2fc4daf5-b99a-4c14-a473-06b2a368863b\" user_currency=\"CAD\"","severity":"info","timestamp":"2026-08-15T12:24:14.653447982Z"}
2026-08-15T12:24:14.673157576Z {"message":"payment went through (transaction_id: 9b96d483-ff05-41b8-8323-0c95f23b71b3)","severity":"info","timestamp":"2026-08-15T12:24:14.672825727Z"}
2026-08-15T12:24:14.684359820Z {"message":"order confirmation email sent to \"jespinoza@example.com\"","severity":"info","timestamp":"2026-08-15T12:24:14.683891152Z"}
2026-08-15T12:24:14.997068632Z {"message":"[PlaceOrder] user_id=\"723f5a2f-f93a-4f75-b940-af329536d093\" user_currency=\"CAD\"","severity":"info","timestamp":"2026-08-15T12:24:14.996606064Z"}
2026-08-15T12:24:15.033912141Z {"message":"payment went through (transaction_id: f38fd11e-e7f0-420b-8147-4461a611a8a9)","severity":"info","timestamp":"2026-08-15T12:24:15.03342507Z"}
2026-08-15T12:24:15.046478386Z {"message":"order confirmation email sent to \"emilyrodriguez@example.org\"","severity":"info","timestamp":"2026-08-15T12:24:15.046209447Z"}
2026-08-15T12:24:15.203433730Z {"message":"[PlaceOrder] user_id=\"3338162a-ce26-4d16-829e-74a38c3d3dc2\" user_currency=\"CAD\"","severity":"info","timestamp":"2026-08-15T12:24:15.203180593Z"}
2026-08-15T12:24:15.226901976Z {"message":"payment went through (transaction_id: 4504c830-f246-4f18-8c0a-dd26c273383f)","severity":"info","timestamp":"2026-08-15T12:24:15.226731351Z"}
2026-08-15T12:24:15.230413491Z {"message":"order confirmation email sent to \"michael86@example.com\"","severity":"info","timestamp":"2026-08-15T12:24:15.230245367Z"}
2026-08-15T12:24:20.325647366Z {"message":"[PlaceOrder] user_id=\"6a30e603-2624-4981-bd6e-c27c04ec3af5\" user_currency=\"GBP\"","severity":"info","timestamp":"2026-08-15T12:24:20.324818544Z"}
2026-08-15T12:24:20.349632988Z {"message":"payment went through (transaction_id: 5e57f9ad-f399-459a-b99a-207e350b6673)","severity":"info","timestamp":"2026-08-15T12:24:20.348801466Z"}
2026-08-15T12:24:20.425086666Z {"message":"order confirmation email sent to \"jamesmccarthy@example.com\"","severity":"info","timestamp":"2026-08-15T12:24:20.424244242Z"}
2026-08-15T12:24:39.007861341Z {"message":"[PlaceOrder] user_id=\"22065cfb-f1cb-433a-989a-2ec872caa084\" user_currency=\"USD\"","severity":"info","timestamp":"2026-08-15T12:24:39.007295358Z"}
2026-08-15T12:24:39.024485967Z {"message":"payment went through (transaction_id: 90ecef15-896f-47ab-a404-9a9eccd85811)","severity":"info","timestamp":"2026-08-15T12:24:39.024079907Z"}
2026-08-15T12:24:39.032276003Z {"message":"order confirmation email sent to \"martinezwilliam@example.com\"","severity":"info","timestamp":"2026-08-15T12:24:39.031880146Z"}
2026-08-15T12:24:58.565309676Z {"message":"[PlaceOrder] user_id=\"723f5a2f-f93a-4f75-b940-af329536d093\" user_currency=\"CAD\"","severity":"info","timestamp":"2026-08-15T12:24:58.565055438Z"}
2026-08-15T12:24:58.571148548Z {"message":"payment went through (transaction_id: f1245414-24e2-4423-a44e-f0a9a30bcc40)","severity":"info","timestamp":"2026-08-15T12:24:58.570915613Z"}
2026-08-15T12:24:58.574154597Z {"message":"order confirmation email sent to \"david26@example.net\"","severity":"info","timestamp":"2026-08-15T12:24:58.573958168Z"}
2026-08-15T12:25:05.249619953Z {"message":"[PlaceOrder] user_id=\"ba3e2f0d-dd46-4908-8505-bb4777a88366\" user_currency=\"TRY\"","severity":"info","timestamp":"2026-08-15T12:25:05.249382717Z"}
2026-08-15T12:25:05.261060568Z {"message":"payment went through (transaction_id: 77b8fd3c-b5d8-4614-97de-73a5edaecc0e)","severity":"info","timestamp":"2026-08-15T12:25:05.260828533Z"}
2026-08-15T12:25:05.264056917Z {"message":"order confirmation email sent to \"benjamin42@example.net\"","severity":"info","timestamp":"2026-08-15T12:25:05.263882991Z"}
2026-08-15T12:25:05.593237662Z {"message":"[PlaceOrder] user_id=\"f3307839-d168-471c-8dd1-b5293e489285\" user_currency=\"JPY\"","severity":"info","timestamp":"2026-08-15T12:25:05.59229532Z"}
2026-08-15T12:25:05.714320412Z {"message":"payment went through (transaction_id: fe9eba19-6399-48c4-a261-77dc93f904c9)","severity":"info","timestamp":"2026-08-15T12:25:05.713087527Z"}
2026-08-15T12:25:05.727909049Z {"message":"order confirmation email sent to \"clopez@example.net\"","severity":"info","timestamp":"2026-08-15T12:25:05.727253351Z"}
2026-08-15T12:25:06.047454549Z {"message":"[PlaceOrder] user_id=\"22065cfb-f1cb-433a-989a-2ec872caa084\" user_currency=\"GBP\"","severity":"info","timestamp":"2026-08-15T12:25:06.047243417Z"}
2026-08-15T12:25:06.057178607Z {"message":"payment went through (transaction_id: 93cc63fe-9744-4685-845e-56889d81cf70)","severity":"info","timestamp":"2026-08-15T12:25:06.056853958Z"}
2026-08-15T12:25:06.061269820Z {"message":"order confirmation email sent to \"josephphelps@example.org\"","severity":"info","timestamp":"2026-08-15T12:25:06.060971175Z"}
2026-08-15T12:25:08.139179000Z {"message":"[PlaceOrder] user_id=\"723f5a2f-f93a-4f75-b940-af329536d093\" user_currency=\"CAD\"","severity":"info","timestamp":"2026-08-15T12:25:08.138657522Z"}
2026-08-15T12:25:08.225616257Z {"message":"payment went through (transaction_id: f23bbf3f-e9c5-47a4-9046-b07e889b7a76)","severity":"info","timestamp":"2026-08-15T12:25:08.225395724Z"}
2026-08-15T12:25:08.229033070Z {"message":"order confirmation email sent to \"oroberts@example.net\"","severity":"info","timestamp":"2026-08-15T12:25:08.228510291Z"}
2026-08-15T12:25:26.109771135Z {"message":"[PlaceOrder] user_id=\"4efac4b6-8649-4655-9f56-a4ac140c299c\" user_currency=\"CAD\"","severity":"info","timestamp":"2026-08-15T12:25:26.108679971Z"}
2026-08-15T12:25:26.123060239Z {"message":"payment went through (transaction_id: d7083caa-80b5-4733-a961-f4f79e0f2e91)","severity":"info","timestamp":"2026-08-15T12:25:26.122773796Z"}
2026-08-15T12:25:26.127656832Z {"message":"order confirmation email sent to \"wsimmons@example.net\"","severity":"info","timestamp":"2026-08-15T12:25:26.127370589Z"}
2026-08-15T12:25:43.009853194Z {"message":"[PlaceOrder] user_id=\"22065cfb-f1cb-433a-989a-2ec872caa084\" user_currency=\"CAD\"","severity":"info","timestamp":"2026-08-15T12:25:43.009115184Z"}
2026-08-15T12:25:43.031253503Z {"message":"payment went through (transaction_id: 83066826-aaef-43a3-9fbe-47018e37ddc3)","severity":"info","timestamp":"2026-08-15T12:25:43.03083114Z"}
2026-08-15T12:25:43.053872895Z {"message":"order confirmation email sent to \"jennifermorales@example.net\"","severity":"info","timestamp":"2026-08-15T12:25:43.053374421Z"}
2026-08-15T12:25:43.416096714Z {"message":"[PlaceOrder] user_id=\"a59cb676-20d3-4cd5-8d6b-f6a9110303fd\" user_currency=\"JPY\"","severity":"info","timestamp":"2026-08-15T12:25:43.415576436Z"}
2026-08-15T12:25:43.445955991Z {"message":"payment went through (transaction_id: 4354498a-20ad-409b-a977-392bf6ee5dec)","severity":"info","timestamp":"2026-08-15T12:25:43.443704754Z"}
2026-08-15T12:25:43.504164020Z {"message":"order confirmation email sent to \"mathewsvirginia@example.org\"","severity":"info","timestamp":"2026-08-15T12:25:43.503903281Z"}
2026-08-15T12:25:46.443888554Z {"message":"[PlaceOrder] user_id=\"3338162a-ce26-4d16-829e-74a38c3d3dc2\" user_currency=\"TRY\"","severity":"info","timestamp":"2026-08-15T12:25:46.439475493Z"}
2026-08-15T12:25:46.467412982Z {"message":"payment went through (transaction_id: bab954c4-d6a7-44d4-9d17-c53f3cdf6478)","severity":"info","timestamp":"2026-08-15T12:25:46.466456138Z"}
2026-08-15T12:25:46.504009470Z {"message":"order confirmation email sent to \"jlong@example.net\"","severity":"info","timestamp":"2026-08-15T12:25:46.502520547Z"}
2026-08-15T12:26:08.515833649Z {"message":"[PlaceOrder] user_id=\"ba3e2f0d-dd46-4908-8505-bb4777a88366\" user_currency=\"GBP\"","severity":"info","timestamp":"2026-08-15T12:26:08.51545469Z"}
2026-08-15T12:26:08.528567044Z {"message":"payment went through (transaction_id: 29ec9b33-052b-4fa7-852f-9d2ef41783c5)","severity":"info","timestamp":"2026-08-15T12:26:08.528189184Z"}
2026-08-15T12:26:08.536459680Z {"message":"order confirmation email sent to \"rodriguezsarah@example.net\"","severity":"info","timestamp":"2026-08-15T12:26:08.535938898Z"}
2026-08-15T12:26:09.298270011Z {"message":"[PlaceOrder] user_id=\"2fc4daf5-b99a-4c14-a473-06b2a368863b\" user_currency=\"EUR\"","severity":"info","timestamp":"2026-08-15T12:26:09.29775513Z"}
2026-08-15T12:26:09.326493132Z {"message":"payment went through (transaction_id: 15619ae4-310c-472e-8a67-f5ff07bd82e5)","severity":"info","timestamp":"2026-08-15T12:26:09.325534682Z"}
2026-08-15T12:26:09.348265842Z {"message":"order confirmation email sent to \"huberlindsey@example.com\"","severity":"info","timestamp":"2026-08-15T12:26:09.347478919Z"}
2026-08-15T12:26:18.825947774Z {"message":"[PlaceOrder] user_id=\"a59cb676-20d3-4cd5-8d6b-f6a9110303fd\" user_currency=\"JPY\"","severity":"info","timestamp":"2026-08-15T12:26:18.821950144Z"}
2026-08-15T12:26:18.859928927Z {"message":"payment went through (transaction_id: e5b466a7-2a46-41a7-905d-4ca87fdea903)","severity":"info","timestamp":"2026-08-15T12:26:18.859454752Z"}
2026-08-15T12:26:18.866760803Z {"message":"order confirmation email sent to \"markoliver@example.net\"","severity":"info","timestamp":"2026-08-15T12:26:18.866460155Z"}
2026-08-15T12:26:26.639945907Z {"message":"[PlaceOrder] user_id=\"8acc09ea-4fa0-42f9-9912-6f5861011df4\" user_currency=\"USD\"","severity":"info","timestamp":"2026-08-15T12:26:26.63949183Z"}
2026-08-15T12:26:26.663905978Z {"message":"payment went through (transaction_id: f625170d-4fe2-45d4-9f9a-7891398cba80)","severity":"info","timestamp":"2026-08-15T12:26:26.663349583Z"}
2026-08-15T12:26:26.671783416Z {"message":"order confirmation email sent to \"ronaldwebb@example.net\"","severity":"info","timestamp":"2026-08-15T12:26:26.671280031Z"}
2026-08-15T12:26:30.610938386Z {"message":"[PlaceOrder] user_id=\"2fc4daf5-b99a-4c14-a473-06b2a368863b\" user_currency=\"EUR\"","severity":"info","timestamp":"2026-08-15T12:26:30.610332787Z"}
2026-08-15T12:26:30.628527243Z {"message":"payment went through (transaction_id: d84c34a4-1a3a-425f-be0c-5c2ec34fe897)","severity":"info","timestamp":"2026-08-15T12:26:30.626808063Z"}
2026-08-15T12:26:30.638639285Z {"message":"order confirmation email sent to \"swatts@example.com\"","severity":"info","timestamp":"2026-08-15T12:26:30.637779946Z"}
2026-08-15T12:26:35.518870240Z {"message":"[PlaceOrder] user_id=\"a59cb676-20d3-4cd5-8d6b-f6a9110303fd\" user_currency=\"EUR\"","severity":"info","timestamp":"2026-08-15T12:26:35.518235337Z"}
2026-08-15T12:26:35.541015138Z {"message":"payment went through (transaction_id: 66917d45-af7b-4231-8e24-2a1788c3ed08)","severity":"info","timestamp":"2026-08-15T12:26:35.54041134Z"}
2026-08-15T12:26:35.554411914Z {"message":"order confirmation email sent to \"bcharles@example.com\"","severity":"info","timestamp":"2026-08-15T12:26:35.55383532Z"}
2026-08-15T12:26:40.122674722Z {"message":"[PlaceOrder] user_id=\"ba3e2f0d-dd46-4908-8505-bb4777a88366\" user_currency=\"GBP\"","severity":"info","timestamp":"2026-08-15T12:26:40.121598462Z"}
